<?xml version="1.0"?>
<link_info>
   <banner>TI ARM Linker PC v16.9.6.LTS</banner>
   <copyright>Copyright (c) 1996-2017 Texas Instruments Incorporated</copyright>
   <link_time>0x5f97c098</link_time>
   <link_errors>0x0</link_errors>
   <output_file>Lab5_UARTComms.out</output_file>
   <entry_point>
      <name>_c_int00</name>
      <address>0x4799</address>
   </entry_point>
   <input_file_list>
      <input_file id="fl-2">
         <path>.\</path>
         <kind>object</kind>
         <file>ADC14.obj</file>
         <name>ADC14.obj</name>
      </input_file>
      <input_file id="fl-3">
         <path>.\</path>
         <kind>object</kind>
         <file>BumpInt.obj</file>
         <name>BumpInt.obj</name>
      </input_file>
      <input_file id="fl-4">
         <path>.\</path>
         <kind>object</kind>
         <file>Clock.obj</file>
         <name>Clock.obj</name>
      </input_file>
      <input_file id="fl-5">
         <path>.\</path>
         <kind>object</kind>
         <file>CortexM.obj</file>
         <name>CortexM.obj</name>
      </input_file>
      <input_file id="fl-6">
         <path>.\</path>
         <kind>object</kind>
         <file>EUSCIA0.obj</file>
         <name>EUSCIA0.obj</name>
      </input_file>
      <input_file id="fl-7">
         <path>.\</path>
         <kind>object</kind>
         <file>FIFO0.obj</file>
         <name>FIFO0.obj</name>
      </input_file>
      <input_file id="fl-8">
         <path>.\</path>
         <kind>object</kind>
         <file>IRDistance.obj</file>
         <name>IRDistance.obj</name>
      </input_file>
      <input_file id="fl-9">
         <path>.\</path>
         <kind>object</kind>
         <file>LPF.obj</file>
         <name>LPF.obj</name>
      </input_file>
      <input_file id="fl-a">
         <path>.\</path>
         <kind>object</kind>
         <file>Lab5_UARTmain.obj</file>
         <name>Lab5_UARTmain.obj</name>
      </input_file>
      <input_file id="fl-b">
         <path>.\</path>
         <kind>object</kind>
         <file>LaunchPad.obj</file>
         <name>LaunchPad.obj</name>
      </input_file>
      <input_file id="fl-c">
         <path>.\</path>
         <kind>object</kind>
         <file>Motor.obj</file>
         <name>Motor.obj</name>
      </input_file>
      <input_file id="fl-d">
         <path>.\</path>
         <kind>object</kind>
         <file>PWM.obj</file>
         <name>PWM.obj</name>
      </input_file>
      <input_file id="fl-e">
         <path>.\</path>
         <kind>object</kind>
         <file>Reflectance.obj</file>
         <name>Reflectance.obj</name>
      </input_file>
      <input_file id="fl-f">
         <path>.\</path>
         <kind>object</kind>
         <file>SysTickInts.obj</file>
         <name>SysTickInts.obj</name>
      </input_file>
      <input_file id="fl-10">
         <path>.\</path>
         <kind>object</kind>
         <file>TA3InputCapture.obj</file>
         <name>TA3InputCapture.obj</name>
      </input_file>
      <input_file id="fl-11">
         <path>.\</path>
         <kind>object</kind>
         <file>TimerA1.obj</file>
         <name>TimerA1.obj</name>
      </input_file>
      <input_file id="fl-12">
         <path>.\</path>
         <kind>object</kind>
         <file>UART0.obj</file>
         <name>UART0.obj</name>
      </input_file>
      <input_file id="fl-13">
         <path>.\</path>
         <kind>object</kind>
         <file>startup_msp432p401r_ccs.obj</file>
         <name>startup_msp432p401r_ccs.obj</name>
      </input_file>
      <input_file id="fl-14">
         <path>.\</path>
         <kind>object</kind>
         <file>system_msp432p401r.obj</file>
         <name>system_msp432p401r.obj</name>
      </input_file>
      <input_file id="fl-18">
         <kind>object</kind>
         <file>&lt;internal&gt;</file>
         <name>&lt;internal&gt;</name>
      </input_file>
      <input_file id="fl-ce">
         <path>C:\ti\ccsv7\tools\compiler\ti-cgt-arm_16.9.6.LTS\lib\</path>
         <kind>archive</kind>
         <file>rtsv7M4_T_le_v4SPD16_eabi.lib</file>
         <name>add_device.obj</name>
      </input_file>
      <input_file id="fl-cf">
         <path>C:\ti\ccsv7\tools\compiler\ti-cgt-arm_16.9.6.LTS\lib\</path>
         <kind>archive</kind>
         <file>rtsv7M4_T_le_v4SPD16_eabi.lib</file>
         <name>boot.obj</name>
      </input_file>
      <input_file id="fl-d0">
         <path>C:\ti\ccsv7\tools\compiler\ti-cgt-arm_16.9.6.LTS\lib\</path>
         <kind>archive</kind>
         <file>rtsv7M4_T_le_v4SPD16_eabi.lib</file>
         <name>copy_decompress_lzss.obj</name>
      </input_file>
      <input_file id="fl-d1">
         <path>C:\ti\ccsv7\tools\compiler\ti-cgt-arm_16.9.6.LTS\lib\</path>
         <kind>archive</kind>
         <file>rtsv7M4_T_le_v4SPD16_eabi.lib</file>
         <name>copy_decompress_none.obj</name>
      </input_file>
      <input_file id="fl-d2">
         <path>C:\ti\ccsv7\tools\compiler\ti-cgt-arm_16.9.6.LTS\lib\</path>
         <kind>archive</kind>
         <file>rtsv7M4_T_le_v4SPD16_eabi.lib</file>
         <name>copy_zero_init.obj</name>
      </input_file>
      <input_file id="fl-d3">
         <path>C:\ti\ccsv7\tools\compiler\ti-cgt-arm_16.9.6.LTS\lib\</path>
         <kind>archive</kind>
         <file>rtsv7M4_T_le_v4SPD16_eabi.lib</file>
         <name>defs.obj</name>
      </input_file>
      <input_file id="fl-d4">
         <path>C:\ti\ccsv7\tools\compiler\ti-cgt-arm_16.9.6.LTS\lib\</path>
         <kind>archive</kind>
         <file>rtsv7M4_T_le_v4SPD16_eabi.lib</file>
         <name>exit.obj</name>
      </input_file>
      <input_file id="fl-d5">
         <path>C:\ti\ccsv7\tools\compiler\ti-cgt-arm_16.9.6.LTS\lib\</path>
         <kind>archive</kind>
         <file>rtsv7M4_T_le_v4SPD16_eabi.lib</file>
         <name>fd_add_t2.obj</name>
      </input_file>
      <input_file id="fl-d6">
         <path>C:\ti\ccsv7\tools\compiler\ti-cgt-arm_16.9.6.LTS\lib\</path>
         <kind>archive</kind>
         <file>rtsv7M4_T_le_v4SPD16_eabi.lib</file>
         <name>fd_div_t2.obj</name>
      </input_file>
      <input_file id="fl-d7">
         <path>C:\ti\ccsv7\tools\compiler\ti-cgt-arm_16.9.6.LTS\lib\</path>
         <kind>archive</kind>
         <file>rtsv7M4_T_le_v4SPD16_eabi.lib</file>
         <name>fd_tou_t2.obj</name>
      </input_file>
      <input_file id="fl-d8">
         <path>C:\ti\ccsv7\tools\compiler\ti-cgt-arm_16.9.6.LTS\lib\</path>
         <kind>archive</kind>
         <file>rtsv7M4_T_le_v4SPD16_eabi.lib</file>
         <name>fopen.obj</name>
      </input_file>
      <input_file id="fl-d9">
         <path>C:\ti\ccsv7\tools\compiler\ti-cgt-arm_16.9.6.LTS\lib\</path>
         <kind>archive</kind>
         <file>rtsv7M4_T_le_v4SPD16_eabi.lib</file>
         <name>getdevice.obj</name>
      </input_file>
      <input_file id="fl-da">
         <path>C:\ti\ccsv7\tools\compiler\ti-cgt-arm_16.9.6.LTS\lib\</path>
         <kind>archive</kind>
         <file>rtsv7M4_T_le_v4SPD16_eabi.lib</file>
         <name>i_tofd_t2.obj</name>
      </input_file>
      <input_file id="fl-db">
         <path>C:\ti\ccsv7\tools\compiler\ti-cgt-arm_16.9.6.LTS\lib\</path>
         <kind>archive</kind>
         <file>rtsv7M4_T_le_v4SPD16_eabi.lib</file>
         <name>memcpy_t2.obj</name>
      </input_file>
      <input_file id="fl-dc">
         <path>C:\ti\ccsv7\tools\compiler\ti-cgt-arm_16.9.6.LTS\lib\</path>
         <kind>archive</kind>
         <file>rtsv7M4_T_le_v4SPD16_eabi.lib</file>
         <name>memset_t2.obj</name>
      </input_file>
      <input_file id="fl-dd">
         <path>C:\ti\ccsv7\tools\compiler\ti-cgt-arm_16.9.6.LTS\lib\</path>
         <kind>archive</kind>
         <file>rtsv7M4_T_le_v4SPD16_eabi.lib</file>
         <name>mpu_init.obj</name>
      </input_file>
      <input_file id="fl-de">
         <path>C:\ti\ccsv7\tools\compiler\ti-cgt-arm_16.9.6.LTS\lib\</path>
         <kind>archive</kind>
         <file>rtsv7M4_T_le_v4SPD16_eabi.lib</file>
         <name>open.obj</name>
      </input_file>
      <input_file id="fl-df">
         <path>C:\ti\ccsv7\tools\compiler\ti-cgt-arm_16.9.6.LTS\lib\</path>
         <kind>archive</kind>
         <file>rtsv7M4_T_le_v4SPD16_eabi.lib</file>
         <name>pre_init.obj</name>
      </input_file>
      <input_file id="fl-e0">
         <path>C:\ti\ccsv7\tools\compiler\ti-cgt-arm_16.9.6.LTS\lib\</path>
         <kind>archive</kind>
         <file>rtsv7M4_T_le_v4SPD16_eabi.lib</file>
         <name>setvbuf.obj</name>
      </input_file>
      <input_file id="fl-e1">
         <path>C:\ti\ccsv7\tools\compiler\ti-cgt-arm_16.9.6.LTS\lib\</path>
         <kind>archive</kind>
         <file>rtsv7M4_T_le_v4SPD16_eabi.lib</file>
         <name>stkdepth_vars.obj</name>
      </input_file>
      <input_file id="fl-e2">
         <path>C:\ti\ccsv7\tools\compiler\ti-cgt-arm_16.9.6.LTS\lib\</path>
         <kind>archive</kind>
         <file>rtsv7M4_T_le_v4SPD16_eabi.lib</file>
         <name>strchr.obj</name>
      </input_file>
      <input_file id="fl-e3">
         <path>C:\ti\ccsv7\tools\compiler\ti-cgt-arm_16.9.6.LTS\lib\</path>
         <kind>archive</kind>
         <file>rtsv7M4_T_le_v4SPD16_eabi.lib</file>
         <name>strcmp.obj</name>
      </input_file>
      <input_file id="fl-e4">
         <path>C:\ti\ccsv7\tools\compiler\ti-cgt-arm_16.9.6.LTS\lib\</path>
         <kind>archive</kind>
         <file>rtsv7M4_T_le_v4SPD16_eabi.lib</file>
         <name>strncpy.obj</name>
      </input_file>
      <input_file id="fl-e5">
         <path>C:\ti\ccsv7\tools\compiler\ti-cgt-arm_16.9.6.LTS\lib\</path>
         <kind>archive</kind>
         <file>rtsv7M4_T_le_v4SPD16_eabi.lib</file>
         <name>write.obj</name>
      </input_file>
      <input_file id="fl-e6">
         <path>C:\ti\ccsv7\tools\compiler\ti-cgt-arm_16.9.6.LTS\lib\</path>
         <kind>archive</kind>
         <file>rtsv7M4_T_le_v4SPD16_eabi.lib</file>
         <name>_lock.obj</name>
      </input_file>
      <input_file id="fl-e7">
         <path>C:\ti\ccsv7\tools\compiler\ti-cgt-arm_16.9.6.LTS\lib\</path>
         <kind>archive</kind>
         <file>rtsv7M4_T_le_v4SPD16_eabi.lib</file>
         <name>args_main.obj</name>
      </input_file>
      <input_file id="fl-e8">
         <path>C:\ti\ccsv7\tools\compiler\ti-cgt-arm_16.9.6.LTS\lib\</path>
         <kind>archive</kind>
         <file>rtsv7M4_T_le_v4SPD16_eabi.lib</file>
         <name>autoinit.obj</name>
      </input_file>
      <input_file id="fl-e9">
         <path>C:\ti\ccsv7\tools\compiler\ti-cgt-arm_16.9.6.LTS\lib\</path>
         <kind>archive</kind>
         <file>rtsv7M4_T_le_v4SPD16_eabi.lib</file>
         <name>cpy_tbl.obj</name>
      </input_file>
      <input_file id="fl-ea">
         <path>C:\ti\ccsv7\tools\compiler\ti-cgt-arm_16.9.6.LTS\lib\</path>
         <kind>archive</kind>
         <file>rtsv7M4_T_le_v4SPD16_eabi.lib</file>
         <name>fclose.obj</name>
      </input_file>
      <input_file id="fl-eb">
         <path>C:\ti\ccsv7\tools\compiler\ti-cgt-arm_16.9.6.LTS\lib\</path>
         <kind>archive</kind>
         <file>rtsv7M4_T_le_v4SPD16_eabi.lib</file>
         <name>fflush.obj</name>
      </input_file>
      <input_file id="fl-ec">
         <path>C:\ti\ccsv7\tools\compiler\ti-cgt-arm_16.9.6.LTS\lib\</path>
         <kind>archive</kind>
         <file>rtsv7M4_T_le_v4SPD16_eabi.lib</file>
         <name>hostclose.obj</name>
      </input_file>
      <input_file id="fl-ed">
         <path>C:\ti\ccsv7\tools\compiler\ti-cgt-arm_16.9.6.LTS\lib\</path>
         <kind>archive</kind>
         <file>rtsv7M4_T_le_v4SPD16_eabi.lib</file>
         <name>hostlseek.obj</name>
      </input_file>
      <input_file id="fl-ee">
         <path>C:\ti\ccsv7\tools\compiler\ti-cgt-arm_16.9.6.LTS\lib\</path>
         <kind>archive</kind>
         <file>rtsv7M4_T_le_v4SPD16_eabi.lib</file>
         <name>hostopen.obj</name>
      </input_file>
      <input_file id="fl-ef">
         <path>C:\ti\ccsv7\tools\compiler\ti-cgt-arm_16.9.6.LTS\lib\</path>
         <kind>archive</kind>
         <file>rtsv7M4_T_le_v4SPD16_eabi.lib</file>
         <name>hostread.obj</name>
      </input_file>
      <input_file id="fl-f0">
         <path>C:\ti\ccsv7\tools\compiler\ti-cgt-arm_16.9.6.LTS\lib\</path>
         <kind>archive</kind>
         <file>rtsv7M4_T_le_v4SPD16_eabi.lib</file>
         <name>hostrename.obj</name>
      </input_file>
      <input_file id="fl-f1">
         <path>C:\ti\ccsv7\tools\compiler\ti-cgt-arm_16.9.6.LTS\lib\</path>
         <kind>archive</kind>
         <file>rtsv7M4_T_le_v4SPD16_eabi.lib</file>
         <name>hostunlink.obj</name>
      </input_file>
      <input_file id="fl-f2">
         <path>C:\ti\ccsv7\tools\compiler\ti-cgt-arm_16.9.6.LTS\lib\</path>
         <kind>archive</kind>
         <file>rtsv7M4_T_le_v4SPD16_eabi.lib</file>
         <name>hostwrite.obj</name>
      </input_file>
      <input_file id="fl-f3">
         <path>C:\ti\ccsv7\tools\compiler\ti-cgt-arm_16.9.6.LTS\lib\</path>
         <kind>archive</kind>
         <file>rtsv7M4_T_le_v4SPD16_eabi.lib</file>
         <name>memory.obj</name>
      </input_file>
      <input_file id="fl-f4">
         <path>C:\ti\ccsv7\tools\compiler\ti-cgt-arm_16.9.6.LTS\lib\</path>
         <kind>archive</kind>
         <file>rtsv7M4_T_le_v4SPD16_eabi.lib</file>
         <name>remove.obj</name>
      </input_file>
      <input_file id="fl-f5">
         <path>C:\ti\ccsv7\tools\compiler\ti-cgt-arm_16.9.6.LTS\lib\</path>
         <kind>archive</kind>
         <file>rtsv7M4_T_le_v4SPD16_eabi.lib</file>
         <name>startup.obj</name>
      </input_file>
      <input_file id="fl-f6">
         <path>C:\ti\ccsv7\tools\compiler\ti-cgt-arm_16.9.6.LTS\lib\</path>
         <kind>archive</kind>
         <file>rtsv7M4_T_le_v4SPD16_eabi.lib</file>
         <name>strcpy.obj</name>
      </input_file>
      <input_file id="fl-f7">
         <path>C:\ti\ccsv7\tools\compiler\ti-cgt-arm_16.9.6.LTS\lib\</path>
         <kind>archive</kind>
         <file>rtsv7M4_T_le_v4SPD16_eabi.lib</file>
         <name>strlen.obj</name>
      </input_file>
      <input_file id="fl-f8">
         <path>C:\ti\ccsv7\tools\compiler\ti-cgt-arm_16.9.6.LTS\lib\</path>
         <kind>archive</kind>
         <file>rtsv7M4_T_le_v4SPD16_eabi.lib</file>
         <name>trgmsg.obj</name>
      </input_file>
      <input_file id="fl-f9">
         <path>C:\ti\ccsv7\tools\compiler\ti-cgt-arm_16.9.6.LTS\lib\</path>
         <kind>archive</kind>
         <file>rtsv7M4_T_le_v4SPD16_eabi.lib</file>
         <name>unlink.obj</name>
      </input_file>
      <input_file id="fl-fa">
         <path>C:\ti\ccsv7\tools\compiler\ti-cgt-arm_16.9.6.LTS\lib\</path>
         <kind>archive</kind>
         <file>rtsv7M4_T_le_v4SPD16_eabi.lib</file>
         <name>close.obj</name>
      </input_file>
   </input_file_list>
   <object_component_list>
      <object_component id="oc-2c">
         <name>.intvecs:retain</name>
         <load_address>0x0</load_address>
         <run_address>0x0</run_address>
         <size>0xe4</size>
         <input_file_ref idref="fl-13"/>
      </object_component>
      <object_component id="oc-c3">
         <name>.text</name>
         <load_address>0xe4</load_address>
         <run_address>0xe4</run_address>
         <size>0x125c</size>
         <input_file_ref idref="fl-a"/>
      </object_component>
      <object_component id="oc-125">
         <name>.text</name>
         <load_address>0x1340</load_address>
         <run_address>0x1340</run_address>
         <size>0x6bc</size>
         <input_file_ref idref="fl-12"/>
      </object_component>
      <object_component id="oc-8a">
         <name>.text</name>
         <load_address>0x19fc</load_address>
         <run_address>0x19fc</run_address>
         <size>0x5ba</size>
         <input_file_ref idref="fl-6"/>
      </object_component>
      <object_component id="oc-56">
         <name>.text</name>
         <load_address>0x1fb6</load_address>
         <run_address>0x1fb6</run_address>
         <size>0x2</size>
         <input_file_ref idref="fl-dd"/>
      </object_component>
      <object_component id="oc-243">
         <name>.text</name>
         <load_address>0x1fb8</load_address>
         <run_address>0x1fb8</run_address>
         <size>0x3d0</size>
         <input_file_ref idref="fl-f3"/>
      </object_component>
      <object_component id="oc-d6">
         <name>.text</name>
         <load_address>0x2388</load_address>
         <run_address>0x2388</run_address>
         <size>0x32c</size>
         <input_file_ref idref="fl-14"/>
      </object_component>
      <object_component id="oc-145">
         <name>.text</name>
         <load_address>0x26b4</load_address>
         <run_address>0x26b4</run_address>
         <size>0x308</size>
         <input_file_ref idref="fl-9"/>
      </object_component>
      <object_component id="oc-13f">
         <name>.text</name>
         <load_address>0x29bc</load_address>
         <run_address>0x29bc</run_address>
         <size>0x260</size>
         <input_file_ref idref="fl-2"/>
      </object_component>
      <object_component id="oc-1e8">
         <name>.text</name>
         <load_address>0x2c1c</load_address>
         <run_address>0x2c1c</run_address>
         <size>0x228</size>
         <input_file_ref idref="fl-d"/>
      </object_component>
      <object_component id="oc-eb">
         <name>.text</name>
         <load_address>0x2e44</load_address>
         <run_address>0x2e44</run_address>
         <size>0x210</size>
         <input_file_ref idref="fl-7"/>
      </object_component>
      <object_component id="oc-119">
         <name>.text</name>
         <load_address>0x3054</load_address>
         <run_address>0x3054</run_address>
         <size>0x1e0</size>
         <input_file_ref idref="fl-4"/>
      </object_component>
      <object_component id="oc-164">
         <name>.text</name>
         <load_address>0x3234</load_address>
         <run_address>0x3234</run_address>
         <size>0x1cc</size>
         <input_file_ref idref="fl-e"/>
      </object_component>
      <object_component id="oc-1bf">
         <name>.text</name>
         <load_address>0x3400</load_address>
         <run_address>0x3400</run_address>
         <size>0x1c4</size>
         <input_file_ref idref="fl-d8"/>
      </object_component>
      <object_component id="oc-1fa">
         <name>.text</name>
         <load_address>0x35c4</load_address>
         <run_address>0x35c4</run_address>
         <size>0x1b6</size>
         <input_file_ref idref="fl-d5"/>
      </object_component>
      <object_component id="oc-bb">
         <name>.text</name>
         <load_address>0x377a</load_address>
         <run_address>0x377a</run_address>
         <size>0x2</size>
         <input_file_ref idref="fl-f5"/>
      </object_component>
      <object_component id="oc-14c">
         <name>.text</name>
         <load_address>0x377c</load_address>
         <run_address>0x377c</run_address>
         <size>0x1b0</size>
         <input_file_ref idref="fl-c"/>
      </object_component>
      <object_component id="oc-1ff">
         <name>.text</name>
         <load_address>0x392c</load_address>
         <run_address>0x392c</run_address>
         <size>0x136</size>
         <input_file_ref idref="fl-d6"/>
      </object_component>
      <object_component id="oc-84">
         <name>.text</name>
         <load_address>0x3a64</load_address>
         <run_address>0x3a64</run_address>
         <size>0x12c</size>
         <input_file_ref idref="fl-10"/>
      </object_component>
      <object_component id="oc-90">
         <name>.text</name>
         <load_address>0x3b90</load_address>
         <run_address>0x3b90</run_address>
         <size>0x104</size>
         <input_file_ref idref="fl-3"/>
      </object_component>
      <object_component id="oc-152">
         <name>.text</name>
         <load_address>0x3c94</load_address>
         <run_address>0x3c94</run_address>
         <size>0xf4</size>
         <input_file_ref idref="fl-b"/>
      </object_component>
      <object_component id="oc-1c5">
         <name>.text</name>
         <load_address>0x3d88</load_address>
         <run_address>0x3d88</run_address>
         <size>0xdc</size>
         <input_file_ref idref="fl-e0"/>
      </object_component>
      <object_component id="oc-2b3">
         <name>.text</name>
         <load_address>0x3e64</load_address>
         <run_address>0x3e64</run_address>
         <size>0xc8</size>
         <input_file_ref idref="fl-eb"/>
      </object_component>
      <object_component id="oc-231">
         <name>.text</name>
         <load_address>0x3f2c</load_address>
         <run_address>0x3f2c</run_address>
         <size>0xbc</size>
         <input_file_ref idref="fl-de"/>
      </object_component>
      <object_component id="oc-1b9">
         <name>.text</name>
         <load_address>0x3fe8</load_address>
         <run_address>0x3fe8</run_address>
         <size>0xb8</size>
         <input_file_ref idref="fl-ce"/>
      </object_component>
      <object_component id="oc-16a">
         <name>.text</name>
         <load_address>0x40a0</load_address>
         <run_address>0x40a0</run_address>
         <size>0xb4</size>
         <input_file_ref idref="fl-8"/>
      </object_component>
      <object_component id="oc-7e">
         <name>.text</name>
         <load_address>0x4154</load_address>
         <run_address>0x4154</run_address>
         <size>0xa8</size>
         <input_file_ref idref="fl-11"/>
      </object_component>
      <object_component id="oc-3e">
         <name>.text</name>
         <load_address>0x41fc</load_address>
         <run_address>0x41fc</run_address>
         <size>0x9c</size>
         <input_file_ref idref="fl-db"/>
      </object_component>
      <object_component id="oc-237">
         <name>.text</name>
         <load_address>0x4298</load_address>
         <run_address>0x4298</run_address>
         <size>0x98</size>
         <input_file_ref idref="fl-ea"/>
      </object_component>
      <object_component id="oc-4a">
         <name>.text</name>
         <load_address>0x4330</load_address>
         <run_address>0x4330</run_address>
         <size>0x7a</size>
         <input_file_ref idref="fl-dc"/>
      </object_component>
      <object_component id="oc-62">
         <name>.text</name>
         <load_address>0x43ac</load_address>
         <run_address>0x43ac</run_address>
         <size>0x70</size>
         <input_file_ref idref="fl-e8"/>
      </object_component>
      <object_component id="oc-21f">
         <name>.text</name>
         <load_address>0x441c</load_address>
         <run_address>0x441c</run_address>
         <size>0x70</size>
         <input_file_ref idref="fl-d9"/>
      </object_component>
      <object_component id="oc-14">
         <name>.text:decompress:lzss</name>
         <load_address>0x448c</load_address>
         <run_address>0x448c</run_address>
         <size>0x68</size>
         <input_file_ref idref="fl-d0"/>
      </object_component>
      <object_component id="oc-28c">
         <name>.text</name>
         <load_address>0x44f4</load_address>
         <run_address>0x44f4</run_address>
         <size>0x68</size>
         <input_file_ref idref="fl-ed"/>
      </object_component>
      <object_component id="oc-298">
         <name>.text</name>
         <load_address>0x455c</load_address>
         <run_address>0x455c</run_address>
         <size>0x68</size>
         <input_file_ref idref="fl-f0"/>
      </object_component>
      <object_component id="oc-2e7">
         <name>.text</name>
         <load_address>0x45c4</load_address>
         <run_address>0x45c4</run_address>
         <size>0x68</size>
         <input_file_ref idref="fl-f8"/>
      </object_component>
      <object_component id="oc-274">
         <name>.text</name>
         <load_address>0x462c</load_address>
         <run_address>0x462c</run_address>
         <size>0x60</size>
         <input_file_ref idref="fl-ee"/>
      </object_component>
      <object_component id="oc-2b9">
         <name>.text</name>
         <load_address>0x468c</load_address>
         <run_address>0x468c</run_address>
         <size>0x5c</size>
         <input_file_ref idref="fl-fa"/>
      </object_component>
      <object_component id="oc-280">
         <name>.text</name>
         <load_address>0x46e8</load_address>
         <run_address>0x46e8</run_address>
         <size>0x58</size>
         <input_file_ref idref="fl-ef"/>
      </object_component>
      <object_component id="oc-286">
         <name>.text</name>
         <load_address>0x4740</load_address>
         <run_address>0x4740</run_address>
         <size>0x58</size>
         <input_file_ref idref="fl-f2"/>
      </object_component>
      <object_component id="oc-26">
         <name>.text</name>
         <load_address>0x4798</load_address>
         <run_address>0x4798</run_address>
         <size>0x54</size>
         <input_file_ref idref="fl-cf"/>
      </object_component>
      <object_component id="oc-6e">
         <name>.text</name>
         <load_address>0x47ec</load_address>
         <run_address>0x47ec</run_address>
         <size>0x54</size>
         <input_file_ref idref="fl-d4"/>
      </object_component>
      <object_component id="oc-b5">
         <name>.text</name>
         <load_address>0x4840</load_address>
         <run_address>0x4840</run_address>
         <size>0x4c</size>
         <input_file_ref idref="fl-e9"/>
      </object_component>
      <object_component id="oc-204">
         <name>.text</name>
         <load_address>0x488c</load_address>
         <run_address>0x488c</run_address>
         <size>0x44</size>
         <input_file_ref idref="fl-d7"/>
      </object_component>
      <object_component id="oc-27a">
         <name>.text</name>
         <load_address>0x48d0</load_address>
         <run_address>0x48d0</run_address>
         <size>0x44</size>
         <input_file_ref idref="fl-ec"/>
      </object_component>
      <object_component id="oc-292">
         <name>.text</name>
         <load_address>0x4914</load_address>
         <run_address>0x4914</run_address>
         <size>0x44</size>
         <input_file_ref idref="fl-f1"/>
      </object_component>
      <object_component id="oc-12b">
         <name>.text</name>
         <load_address>0x4958</load_address>
         <run_address>0x4958</run_address>
         <size>0x40</size>
         <input_file_ref idref="fl-f"/>
      </object_component>
      <object_component id="oc-225">
         <name>.text</name>
         <load_address>0x4998</load_address>
         <run_address>0x4998</run_address>
         <size>0x36</size>
         <input_file_ref idref="fl-e4"/>
      </object_component>
      <object_component id="oc-1f5">
         <name>.text</name>
         <load_address>0x49ce</load_address>
         <run_address>0x49ce</run_address>
         <size>0x2e</size>
         <input_file_ref idref="fl-da"/>
      </object_component>
      <object_component id="oc-2bf">
         <name>.text</name>
         <load_address>0x49fc</load_address>
         <run_address>0x49fc</run_address>
         <size>0x2c</size>
         <input_file_ref idref="fl-f9"/>
      </object_component>
      <object_component id="oc-30e">
         <name>.text</name>
         <load_address>0x4a28</load_address>
         <run_address>0x4a28</run_address>
         <size>0x28</size>
         <input_file_ref idref="fl-e5"/>
      </object_component>
      <object_component id="oc-11f">
         <name>.text</name>
         <load_address>0x4a50</load_address>
         <run_address>0x4a50</run_address>
         <size>0x24</size>
         <input_file_ref idref="fl-5"/>
      </object_component>
      <object_component id="oc-68">
         <name>.text</name>
         <load_address>0x4a74</load_address>
         <run_address>0x4a74</run_address>
         <size>0x18</size>
         <input_file_ref idref="fl-e7"/>
      </object_component>
      <object_component id="oc-264">
         <name>.text</name>
         <load_address>0x4a8c</load_address>
         <run_address>0x4a8c</run_address>
         <size>0x18</size>
         <input_file_ref idref="fl-e3"/>
      </object_component>
      <object_component id="oc-26a">
         <name>.text</name>
         <load_address>0x4aa4</load_address>
         <run_address>0x4aa4</run_address>
         <size>0x16</size>
         <input_file_ref idref="fl-e2"/>
      </object_component>
      <object_component id="oc-17a">
         <name>.text</name>
         <load_address>0x4abc</load_address>
         <run_address>0x4abc</run_address>
         <size>0x14</size>
         <input_file_ref idref="fl-e6"/>
      </object_component>
      <object_component id="oc-2fb">
         <name>.text</name>
         <load_address>0x4ad0</load_address>
         <run_address>0x4ad0</run_address>
         <size>0x14</size>
         <input_file_ref idref="fl-f6"/>
      </object_component>
      <object_component id="oc-2e1">
         <name>.text</name>
         <load_address>0x4ae4</load_address>
         <run_address>0x4ae4</run_address>
         <size>0x14</size>
         <input_file_ref idref="fl-f7"/>
      </object_component>
      <object_component id="oc-1a">
         <name>.text:decompress:none</name>
         <load_address>0x4af8</load_address>
         <run_address>0x4af8</run_address>
         <size>0xe</size>
         <input_file_ref idref="fl-d1"/>
      </object_component>
      <object_component id="oc-78">
         <name>.text</name>
         <load_address>0x4b06</load_address>
         <run_address>0x4b06</run_address>
         <size>0xe</size>
         <input_file_ref idref="fl-13"/>
      </object_component>
      <object_component id="oc-20">
         <name>.text:decompress:ZI</name>
         <load_address>0x4b14</load_address>
         <run_address>0x4b14</run_address>
         <size>0xc</size>
         <input_file_ref idref="fl-d2"/>
      </object_component>
      <object_component id="oc-5c">
         <name>.text</name>
         <load_address>0x4b20</load_address>
         <run_address>0x4b20</run_address>
         <size>0x4</size>
         <input_file_ref idref="fl-df"/>
      </object_component>
      <object_component id="oc-1f0">
         <name>.const:$P$T0$1</name>
         <load_address>0x4b24</load_address>
         <run_address>0x4b24</run_address>
         <size>0x20</size>
         <input_file_ref idref="fl-e"/>
      </object_component>
      <object_component id="oc-36f">
         <name>.cinit..data.load</name>
         <load_address>0x4b48</load_address>
         <run_address>0x4b48</run_address>
         <size>0x7f</size>
      </object_component>
      <object_component id="oc-36d">
         <name>__TI_handler_table</name>
         <load_address>0x4bc8</load_address>
         <run_address>0x4bc8</run_address>
         <size>0xc</size>
      </object_component>
      <object_component id="oc-370">
         <name>.cinit..bss.load</name>
         <load_address>0x4bd8</load_address>
         <run_address>0x4bd8</run_address>
         <size>0x8</size>
      </object_component>
      <object_component id="oc-36e">
         <name>__TI_cinit_table</name>
         <load_address>0x4be0</load_address>
         <run_address>0x4be0</run_address>
         <size>0x10</size>
      </object_component>
      <object_component id="oc-34a">
         <name>.binit</name>
         <load_address>0x0</load_address>
         <run_address>0x0</run_address>
         <size>0x0</size>
      </object_component>
      <object_component id="oc-1b0">
         <name>.data</name>
         <load_address>0x20003b54</load_address>
         <run_address>0x20003b54</run_address>
         <size>0x18</size>
         <input_file_ref idref="fl-4"/>
      </object_component>
      <object_component id="oc-131">
         <name>.data</name>
         <load_address>0x20003b38</load_address>
         <run_address>0x20003b38</run_address>
         <size>0x1c</size>
         <input_file_ref idref="fl-a"/>
      </object_component>
      <object_component id="oc-e6">
         <name>.data</name>
         <load_address>0x20003b9c</load_address>
         <run_address>0x20003b9c</run_address>
         <size>0x8</size>
         <input_file_ref idref="fl-10"/>
      </object_component>
      <object_component id="oc-186">
         <name>.data</name>
         <load_address>0x20003bb4</load_address>
         <run_address>0x20003bb4</run_address>
         <size>0x4</size>
         <input_file_ref idref="fl-14"/>
      </object_component>
      <object_component id="oc-22b">
         <name>.data</name>
         <load_address>0x20003ba4</load_address>
         <run_address>0x20003ba4</run_address>
         <size>0x4</size>
         <input_file_ref idref="fl-ce"/>
      </object_component>
      <object_component id="oc-1cb">
         <name>.data:_ftable</name>
         <load_address>0x20003980</load_address>
         <run_address>0x20003980</run_address>
         <size>0xf0</size>
         <input_file_ref idref="fl-d3"/>
      </object_component>
      <object_component id="oc-23d">
         <name>.data</name>
         <load_address>0x20003b6c</load_address>
         <run_address>0x20003b6c</run_address>
         <size>0x10</size>
         <input_file_ref idref="fl-d3"/>
      </object_component>
      <object_component id="oc-cb">
         <name>.data:$O1$$</name>
         <load_address>0x20003b7c</load_address>
         <run_address>0x20003b7c</run_address>
         <size>0xc</size>
         <input_file_ref idref="fl-d4"/>
      </object_component>
      <object_component id="oc-240">
         <name>.data</name>
         <load_address>0x20003ba8</load_address>
         <run_address>0x20003ba8</run_address>
         <size>0x4</size>
         <input_file_ref idref="fl-d8"/>
      </object_component>
      <object_component id="oc-2ad">
         <name>.data</name>
         <load_address>0x20003bac</load_address>
         <run_address>0x20003bac</run_address>
         <size>0x4</size>
         <input_file_ref idref="fl-de"/>
      </object_component>
      <object_component id="oc-74">
         <name>.data</name>
         <load_address>0x20003bb0</load_address>
         <run_address>0x20003bb0</run_address>
         <size>0x4</size>
         <input_file_ref idref="fl-e1"/>
      </object_component>
      <object_component id="oc-22c">
         <name>.data:_device</name>
         <load_address>0x20003a70</load_address>
         <run_address>0x20003a70</run_address>
         <size>0x78</size>
         <input_file_ref idref="fl-e5"/>
      </object_component>
      <object_component id="oc-2ae">
         <name>.data:_stream</name>
         <load_address>0x20003ae8</load_address>
         <run_address>0x20003ae8</run_address>
         <size>0x50</size>
         <input_file_ref idref="fl-e5"/>
      </object_component>
      <object_component id="oc-ce">
         <name>.data:$O1$$</name>
         <load_address>0x20003b94</load_address>
         <run_address>0x20003b94</run_address>
         <size>0x8</size>
         <input_file_ref idref="fl-e6"/>
      </object_component>
      <object_component id="oc-2d1">
         <name>.data:$O1$$</name>
         <load_address>0x20003b88</load_address>
         <run_address>0x20003b88</run_address>
         <size>0xc</size>
         <input_file_ref idref="fl-f3"/>
      </object_component>
      <object_component id="oc-324">
         <name>.bss:_CIOBUF_</name>
         <uninitialized>true</uninitialized>
         <run_address>0x20003200</run_address>
         <size>0x120</size>
         <input_file_ref idref="fl-f8"/>
      </object_component>
      <object_component id="oc-f6">
         <name>.common:Port4Task</name>
         <uninitialized>true</uninitialized>
         <run_address>0x20003550</run_address>
         <size>0x4</size>
      </object_component>
      <object_component id="oc-f4">
         <name>.common:Messageindexc</name>
         <uninitialized>true</uninitialized>
         <run_address>0x20003544</run_address>
         <size>0x4</size>
      </object_component>
      <object_component id="oc-f1">
         <name>.common:Messagec</name>
         <uninitialized>true</uninitialized>
         <run_address>0x2000350c</run_address>
         <size>0x8</size>
      </object_component>
      <object_component id="oc-19a">
         <name>.common:TxFifo0</name>
         <uninitialized>true</uninitialized>
         <run_address>0x20003442</run_address>
         <size>0x82</size>
      </object_component>
      <object_component id="oc-19e">
         <name>.common:RxFifo0</name>
         <uninitialized>true</uninitialized>
         <run_address>0x200033c0</run_address>
         <size>0x82</size>
      </object_component>
      <object_component id="oc-19d">
         <name>.common:TxHistogram</name>
         <uninitialized>true</uninitialized>
         <run_address>0x20003000</run_address>
         <size>0x200</size>
      </object_component>
      <object_component id="oc-13a">
         <name>.common:Size</name>
         <uninitialized>true</uninitialized>
         <run_address>0x20003560</run_address>
         <size>0x4</size>
      </object_component>
      <object_component id="oc-1de">
         <name>.common:x</name>
         <uninitialized>true</uninitialized>
         <run_address>0x20000000</run_address>
         <size>0x1000</size>
      </object_component>
      <object_component id="oc-1dd">
         <name>.common:Pt</name>
         <uninitialized>true</uninitialized>
         <run_address>0x20003554</run_address>
         <size>0x4</size>
      </object_component>
      <object_component id="oc-1e0">
         <name>.common:I1</name>
         <uninitialized>true</uninitialized>
         <run_address>0x2000352c</run_address>
         <size>0x4</size>
      </object_component>
      <object_component id="oc-1df">
         <name>.common:LPFSum</name>
         <uninitialized>true</uninitialized>
         <run_address>0x20003530</run_address>
         <size>0x4</size>
      </object_component>
      <object_component id="oc-1e2">
         <name>.common:x2</name>
         <uninitialized>true</uninitialized>
         <run_address>0x20001000</run_address>
         <size>0x1000</size>
      </object_component>
      <object_component id="oc-1e1">
         <name>.common:Pt2</name>
         <uninitialized>true</uninitialized>
         <run_address>0x20003558</run_address>
         <size>0x4</size>
      </object_component>
      <object_component id="oc-1e3">
         <name>.common:LPFSum2</name>
         <uninitialized>true</uninitialized>
         <run_address>0x20003534</run_address>
         <size>0x4</size>
      </object_component>
      <object_component id="oc-1e5">
         <name>.common:x3</name>
         <uninitialized>true</uninitialized>
         <run_address>0x20002000</run_address>
         <size>0x1000</size>
      </object_component>
      <object_component id="oc-1e4">
         <name>.common:Pt3</name>
         <uninitialized>true</uninitialized>
         <run_address>0x2000355c</run_address>
         <size>0x4</size>
      </object_component>
      <object_component id="oc-1e6">
         <name>.common:LPFSum3</name>
         <uninitialized>true</uninitialized>
         <run_address>0x20003538</run_address>
         <size>0x4</size>
      </object_component>
      <object_component id="oc-139">
         <name>.common:WriteData</name>
         <uninitialized>true</uninitialized>
         <run_address>0x2000357f</run_address>
         <size>0x1</size>
      </object_component>
      <object_component id="oc-134">
         <name>.common:ReadData</name>
         <uninitialized>true</uninitialized>
         <run_address>0x2000357e</run_address>
         <size>0x1</size>
      </object_component>
      <object_component id="oc-137">
         <name>.common:NumSuccess</name>
         <uninitialized>true</uninitialized>
         <run_address>0x2000354c</run_address>
         <size>0x4</size>
      </object_component>
      <object_component id="oc-138">
         <name>.common:NumErrors</name>
         <uninitialized>true</uninitialized>
         <run_address>0x20003548</run_address>
         <size>0x4</size>
      </object_component>
      <object_component id="oc-13e">
         <name>.common:String</name>
         <uninitialized>true</uninitialized>
         <run_address>0x200034c4</run_address>
         <size>0x40</size>
      </object_component>
      <object_component id="oc-13d">
         <name>.common:MaxTime</name>
         <uninitialized>true</uninitialized>
         <run_address>0x2000353c</run_address>
         <size>0x4</size>
      </object_component>
      <object_component id="oc-14b">
         <name>.common:First</name>
         <uninitialized>true</uninitialized>
         <run_address>0x20003528</run_address>
         <size>0x4</size>
      </object_component>
      <object_component id="oc-158">
         <name>.common:Elapsed</name>
         <uninitialized>true</uninitialized>
         <run_address>0x20003524</run_address>
         <size>0x4</size>
      </object_component>
      <object_component id="oc-159">
         <name>.common:nr</name>
         <uninitialized>true</uninitialized>
         <run_address>0x20003570</run_address>
         <size>0x4</size>
      </object_component>
      <object_component id="oc-15a">
         <name>.common:nc</name>
         <uninitialized>true</uninitialized>
         <run_address>0x20003568</run_address>
         <size>0x4</size>
      </object_component>
      <object_component id="oc-15b">
         <name>.common:nl</name>
         <uninitialized>true</uninitialized>
         <run_address>0x2000356c</run_address>
         <size>0x4</size>
      </object_component>
      <object_component id="oc-15c">
         <name>.common:Period0</name>
         <uninitialized>true</uninitialized>
         <run_address>0x20003578</run_address>
         <size>0x2</size>
      </object_component>
      <object_component id="oc-15d">
         <name>.common:First0</name>
         <uninitialized>true</uninitialized>
         <run_address>0x20003574</run_address>
         <size>0x2</size>
      </object_component>
      <object_component id="oc-15e">
         <name>.common:Done0</name>
         <uninitialized>true</uninitialized>
         <run_address>0x2000351c</run_address>
         <size>0x4</size>
      </object_component>
      <object_component id="oc-15f">
         <name>.common:Period2</name>
         <uninitialized>true</uninitialized>
         <run_address>0x2000357a</run_address>
         <size>0x2</size>
      </object_component>
      <object_component id="oc-160">
         <name>.common:First2</name>
         <uninitialized>true</uninitialized>
         <run_address>0x20003576</run_address>
         <size>0x2</size>
      </object_component>
      <object_component id="oc-161">
         <name>.common:Done2</name>
         <uninitialized>true</uninitialized>
         <run_address>0x20003520</run_address>
         <size>0x4</size>
      </object_component>
      <object_component id="oc-162">
         <name>.common:CollisionData</name>
         <uninitialized>true</uninitialized>
         <run_address>0x2000357c</run_address>
         <size>0x1</size>
      </object_component>
      <object_component id="oc-163">
         <name>.common:CollisionFlag</name>
         <uninitialized>true</uninitialized>
         <run_address>0x2000357d</run_address>
         <size>0x1</size>
      </object_component>
      <object_component id="oc-dd">
         <name>.common:TimerA1Task</name>
         <uninitialized>true</uninitialized>
         <run_address>0x20003564</run_address>
         <size>0x4</size>
      </object_component>
      <object_component id="oc-1b8">
         <name>.common:Messageindexb</name>
         <uninitialized>true</uninitialized>
         <run_address>0x20003540</run_address>
         <size>0x4</size>
      </object_component>
      <object_component id="oc-1b5">
         <name>.common:Messageb</name>
         <uninitialized>true</uninitialized>
         <run_address>0x20003504</run_address>
         <size>0x8</size>
      </object_component>
      <object_component id="oc-2c5">
         <name>.common:__TI_tmpnams</name>
         <uninitialized>true</uninitialized>
         <run_address>0x20003320</run_address>
         <size>0xa0</size>
      </object_component>
      <object_component id="oc-2ed">
         <name>.common:parmbuf</name>
         <uninitialized>true</uninitialized>
         <run_address>0x20003514</run_address>
         <size>0x8</size>
      </object_component>
      <object_component id="oc-30">
         <name>.sysmem</name>
         <uninitialized>true</uninitialized>
         <run_address>0x20003580</run_address>
         <size>0x8</size>
         <input_file_ref idref="fl-f3"/>
      </object_component>
      <object_component id="oc-372">
         <name>.sysmem</name>
         <uninitialized>true</uninitialized>
         <run_address>0x20003580</run_address>
         <size>0x0</size>
      </object_component>
      <object_component id="oc-2f">
         <name>.stack</name>
         <uninitialized>true</uninitialized>
         <run_address>0x2000fe00</run_address>
         <size>0x0</size>
         <input_file_ref idref="fl-cf"/>
      </object_component>
      <object_component id="oc-371">
         <name>.stack</name>
         <uninitialized>true</uninitialized>
         <run_address>0x2000fe00</run_address>
         <size>0x0</size>
      </object_component>
      <object_component id="oc-1dc">
         <name>.debug_info</name>
         <load_address>0x0</load_address>
         <run_address>0x0</run_address>
         <size>0x55e</size>
         <input_file_ref idref="fl-2"/>
      </object_component>
      <object_component id="oc-140">
         <name>.debug_info</name>
         <load_address>0x55e</load_address>
         <run_address>0x55e</run_address>
         <size>0x769</size>
         <input_file_ref idref="fl-2"/>
      </object_component>
      <object_component id="oc-18c">
         <name>.debug_info</name>
         <load_address>0xcc7</load_address>
         <run_address>0xcc7</run_address>
         <size>0x37e2</size>
         <input_file_ref idref="fl-2"/>
      </object_component>
      <object_component id="oc-191">
         <name>.debug_info</name>
         <load_address>0x44a9</load_address>
         <run_address>0x44a9</run_address>
         <size>0x1055</size>
         <input_file_ref idref="fl-2"/>
      </object_component>
      <object_component id="oc-39">
         <name>.debug_info</name>
         <load_address>0x54fe</load_address>
         <run_address>0x54fe</run_address>
         <size>0x84</size>
         <input_file_ref idref="fl-2"/>
      </object_component>
      <object_component id="oc-e1">
         <name>.debug_info</name>
         <load_address>0x5582</load_address>
         <run_address>0x5582</run_address>
         <size>0x18b</size>
         <input_file_ref idref="fl-2"/>
      </object_component>
      <object_component id="oc-f7">
         <name>.debug_info</name>
         <load_address>0x570d</load_address>
         <run_address>0x570d</run_address>
         <size>0x58f</size>
         <input_file_ref idref="fl-3"/>
      </object_component>
      <object_component id="oc-93">
         <name>.debug_info</name>
         <load_address>0x5c9c</load_address>
         <run_address>0x5c9c</run_address>
         <size>0x3af</size>
         <input_file_ref idref="fl-3"/>
      </object_component>
      <object_component id="oc-1b1">
         <name>.debug_info</name>
         <load_address>0x604b</load_address>
         <run_address>0x604b</run_address>
         <size>0x1c6</size>
         <input_file_ref idref="fl-4"/>
      </object_component>
      <object_component id="oc-11a">
         <name>.debug_info</name>
         <load_address>0x6211</load_address>
         <run_address>0x6211</run_address>
         <size>0x4d4</size>
         <input_file_ref idref="fl-4"/>
      </object_component>
      <object_component id="oc-120">
         <name>.debug_info</name>
         <load_address>0x66e5</load_address>
         <run_address>0x66e5</run_address>
         <size>0x495</size>
         <input_file_ref idref="fl-5"/>
      </object_component>
      <object_component id="oc-f2">
         <name>.debug_info</name>
         <load_address>0x6b7a</load_address>
         <run_address>0x6b7a</run_address>
         <size>0x6aa</size>
         <input_file_ref idref="fl-6"/>
      </object_component>
      <object_component id="oc-8e">
         <name>.debug_info</name>
         <load_address>0x7224</load_address>
         <run_address>0x7224</run_address>
         <size>0x153d</size>
         <input_file_ref idref="fl-6"/>
      </object_component>
      <object_component id="oc-19b">
         <name>.debug_info</name>
         <load_address>0x8761</load_address>
         <run_address>0x8761</run_address>
         <size>0x314</size>
         <input_file_ref idref="fl-7"/>
      </object_component>
      <object_component id="oc-ef">
         <name>.debug_info</name>
         <load_address>0x8a75</load_address>
         <run_address>0x8a75</run_address>
         <size>0x771</size>
         <input_file_ref idref="fl-7"/>
      </object_component>
      <object_component id="oc-211">
         <name>.debug_info</name>
         <load_address>0x91e6</load_address>
         <run_address>0x91e6</run_address>
         <size>0x76</size>
         <input_file_ref idref="fl-7"/>
      </object_component>
      <object_component id="oc-16c">
         <name>.debug_info</name>
         <load_address>0x925c</load_address>
         <run_address>0x925c</run_address>
         <size>0x4ad</size>
         <input_file_ref idref="fl-8"/>
      </object_component>
      <object_component id="oc-13b">
         <name>.debug_info</name>
         <load_address>0x9709</load_address>
         <run_address>0x9709</run_address>
         <size>0x675</size>
         <input_file_ref idref="fl-9"/>
      </object_component>
      <object_component id="oc-146">
         <name>.debug_info</name>
         <load_address>0x9d7e</load_address>
         <run_address>0x9d7e</run_address>
         <size>0x86c</size>
         <input_file_ref idref="fl-9"/>
      </object_component>
      <object_component id="oc-135">
         <name>.debug_info</name>
         <load_address>0xa5ea</load_address>
         <run_address>0xa5ea</run_address>
         <size>0x1016</size>
         <input_file_ref idref="fl-a"/>
      </object_component>
      <object_component id="oc-132">
         <name>.debug_info</name>
         <load_address>0xb600</load_address>
         <run_address>0xb600</run_address>
         <size>0x154</size>
         <input_file_ref idref="fl-a"/>
      </object_component>
      <object_component id="oc-c6">
         <name>.debug_info</name>
         <load_address>0xb754</load_address>
         <run_address>0xb754</run_address>
         <size>0x238a</size>
         <input_file_ref idref="fl-a"/>
      </object_component>
      <object_component id="oc-ac">
         <name>.debug_info</name>
         <load_address>0xdade</load_address>
         <run_address>0xdade</run_address>
         <size>0x2c</size>
         <input_file_ref idref="fl-a"/>
      </object_component>
      <object_component id="oc-154">
         <name>.debug_info</name>
         <load_address>0xdb0a</load_address>
         <run_address>0xdb0a</run_address>
         <size>0x438</size>
         <input_file_ref idref="fl-b"/>
      </object_component>
      <object_component id="oc-14d">
         <name>.debug_info</name>
         <load_address>0xdf42</load_address>
         <run_address>0xdf42</run_address>
         <size>0x765</size>
         <input_file_ref idref="fl-c"/>
      </object_component>
      <object_component id="oc-1e9">
         <name>.debug_info</name>
         <load_address>0xe6a7</load_address>
         <run_address>0xe6a7</run_address>
         <size>0x75b</size>
         <input_file_ref idref="fl-d"/>
      </object_component>
      <object_component id="oc-1f4">
         <name>.debug_info</name>
         <load_address>0xee02</load_address>
         <run_address>0xee02</run_address>
         <size>0x5ad</size>
         <input_file_ref idref="fl-e"/>
      </object_component>
      <object_component id="oc-1f1">
         <name>.debug_info</name>
         <load_address>0xf3af</load_address>
         <run_address>0xf3af</run_address>
         <size>0x116</size>
         <input_file_ref idref="fl-e"/>
      </object_component>
      <object_component id="oc-167">
         <name>.debug_info</name>
         <load_address>0xf4c5</load_address>
         <run_address>0xf4c5</run_address>
         <size>0xaa9</size>
         <input_file_ref idref="fl-e"/>
      </object_component>
      <object_component id="oc-25b">
         <name>.debug_info</name>
         <load_address>0xff6e</load_address>
         <run_address>0xff6e</run_address>
         <size>0x37e2</size>
         <input_file_ref idref="fl-e"/>
      </object_component>
      <object_component id="oc-12d">
         <name>.debug_info</name>
         <load_address>0x13750</load_address>
         <run_address>0x13750</run_address>
         <size>0x219</size>
         <input_file_ref idref="fl-f"/>
      </object_component>
      <object_component id="oc-ea">
         <name>.debug_info</name>
         <load_address>0x13969</load_address>
         <run_address>0x13969</run_address>
         <size>0x574</size>
         <input_file_ref idref="fl-10"/>
      </object_component>
      <object_component id="oc-e7">
         <name>.debug_info</name>
         <load_address>0x13edd</load_address>
         <run_address>0x13edd</run_address>
         <size>0x14e</size>
         <input_file_ref idref="fl-10"/>
      </object_component>
      <object_component id="oc-85">
         <name>.debug_info</name>
         <load_address>0x1402b</load_address>
         <run_address>0x1402b</run_address>
         <size>0x499</size>
         <input_file_ref idref="fl-10"/>
      </object_component>
      <object_component id="oc-de">
         <name>.debug_info</name>
         <load_address>0x144c4</load_address>
         <run_address>0x144c4</run_address>
         <size>0x589</size>
         <input_file_ref idref="fl-11"/>
      </object_component>
      <object_component id="oc-7f">
         <name>.debug_info</name>
         <load_address>0x14a4d</load_address>
         <run_address>0x14a4d</run_address>
         <size>0x372</size>
         <input_file_ref idref="fl-11"/>
      </object_component>
      <object_component id="oc-1b6">
         <name>.debug_info</name>
         <load_address>0x14dbf</load_address>
         <run_address>0x14dbf</run_address>
         <size>0x79c</size>
         <input_file_ref idref="fl-12"/>
      </object_component>
      <object_component id="oc-126">
         <name>.debug_info</name>
         <load_address>0x1555b</load_address>
         <run_address>0x1555b</run_address>
         <size>0x1dda</size>
         <input_file_ref idref="fl-12"/>
      </object_component>
      <object_component id="oc-21a">
         <name>.debug_info</name>
         <load_address>0x17335</load_address>
         <run_address>0x17335</run_address>
         <size>0xc8</size>
         <input_file_ref idref="fl-12"/>
      </object_component>
      <object_component id="oc-1cf">
         <name>.debug_info</name>
         <load_address>0x173fd</load_address>
         <run_address>0x173fd</run_address>
         <size>0x2c</size>
         <input_file_ref idref="fl-12"/>
      </object_component>
      <object_component id="oc-98">
         <name>.debug_info</name>
         <load_address>0x17429</load_address>
         <run_address>0x17429</run_address>
         <size>0x2c6</size>
         <input_file_ref idref="fl-13"/>
      </object_component>
      <object_component id="oc-2d">
         <name>.debug_info</name>
         <load_address>0x176ef</load_address>
         <run_address>0x176ef</run_address>
         <size>0x104</size>
         <input_file_ref idref="fl-13"/>
      </object_component>
      <object_component id="oc-7b">
         <name>.debug_info</name>
         <load_address>0x177f3</load_address>
         <run_address>0x177f3</run_address>
         <size>0x1cb</size>
         <input_file_ref idref="fl-13"/>
      </object_component>
      <object_component id="oc-187">
         <name>.debug_info</name>
         <load_address>0x179be</load_address>
         <run_address>0x179be</run_address>
         <size>0xfd</size>
         <input_file_ref idref="fl-14"/>
      </object_component>
      <object_component id="oc-da">
         <name>.debug_info</name>
         <load_address>0x17abb</load_address>
         <run_address>0x17abb</run_address>
         <size>0x26f</size>
         <input_file_ref idref="fl-14"/>
      </object_component>
      <object_component id="oc-230">
         <name>.debug_info</name>
         <load_address>0x17d2a</load_address>
         <run_address>0x17d2a</run_address>
         <size>0x430</size>
         <input_file_ref idref="fl-ce"/>
      </object_component>
      <object_component id="oc-1ba">
         <name>.debug_info</name>
         <load_address>0x1815a</load_address>
         <run_address>0x1815a</run_address>
         <size>0x2d0</size>
         <input_file_ref idref="fl-ce"/>
      </object_component>
      <object_component id="oc-2a8">
         <name>.debug_info</name>
         <load_address>0x1842a</load_address>
         <run_address>0x1842a</run_address>
         <size>0xea</size>
         <input_file_ref idref="fl-ce"/>
      </object_component>
      <object_component id="oc-2a3">
         <name>.debug_info</name>
         <load_address>0x18514</load_address>
         <run_address>0x18514</run_address>
         <size>0x2c</size>
         <input_file_ref idref="fl-ce"/>
      </object_component>
      <object_component id="oc-29">
         <name>.debug_info</name>
         <load_address>0x18540</load_address>
         <run_address>0x18540</run_address>
         <size>0x160</size>
         <input_file_ref idref="fl-cf"/>
      </object_component>
      <object_component id="oc-a2">
         <name>.debug_info</name>
         <load_address>0x186a0</load_address>
         <run_address>0x186a0</run_address>
         <size>0x293</size>
         <input_file_ref idref="fl-d0"/>
      </object_component>
      <object_component id="oc-18">
         <name>.debug_info</name>
         <load_address>0x18933</load_address>
         <run_address>0x18933</run_address>
         <size>0x245</size>
         <input_file_ref idref="fl-d0"/>
      </object_component>
      <object_component id="oc-34">
         <name>.debug_info</name>
         <load_address>0x18b78</load_address>
         <run_address>0x18b78</run_address>
         <size>0x60</size>
         <input_file_ref idref="fl-d0"/>
      </object_component>
      <object_component id="oc-9d">
         <name>.debug_info</name>
         <load_address>0x18bd8</load_address>
         <run_address>0x18bd8</run_address>
         <size>0x46</size>
         <input_file_ref idref="fl-d0"/>
      </object_component>
      <object_component id="oc-49">
         <name>.debug_info</name>
         <load_address>0x18c1e</load_address>
         <run_address>0x18c1e</run_address>
         <size>0x2da</size>
         <input_file_ref idref="fl-d1"/>
      </object_component>
      <object_component id="oc-1d">
         <name>.debug_info</name>
         <load_address>0x18ef8</load_address>
         <run_address>0x18ef8</run_address>
         <size>0x1df</size>
         <input_file_ref idref="fl-d1"/>
      </object_component>
      <object_component id="oc-44">
         <name>.debug_info</name>
         <load_address>0x190d7</load_address>
         <run_address>0x190d7</run_address>
         <size>0x46</size>
         <input_file_ref idref="fl-d1"/>
      </object_component>
      <object_component id="oc-a4">
         <name>.debug_info</name>
         <load_address>0x1911d</load_address>
         <run_address>0x1911d</run_address>
         <size>0x2c</size>
         <input_file_ref idref="fl-d1"/>
      </object_component>
      <object_component id="oc-55">
         <name>.debug_info</name>
         <load_address>0x19149</load_address>
         <run_address>0x19149</run_address>
         <size>0x2c9</size>
         <input_file_ref idref="fl-d2"/>
      </object_component>
      <object_component id="oc-21">
         <name>.debug_info</name>
         <load_address>0x19412</load_address>
         <run_address>0x19412</run_address>
         <size>0x1aa</size>
         <input_file_ref idref="fl-d2"/>
      </object_component>
      <object_component id="oc-50">
         <name>.debug_info</name>
         <load_address>0x195bc</load_address>
         <run_address>0x195bc</run_address>
         <size>0x46</size>
         <input_file_ref idref="fl-d2"/>
      </object_component>
      <object_component id="oc-252">
         <name>.debug_info</name>
         <load_address>0x19602</load_address>
         <run_address>0x19602</run_address>
         <size>0x139</size>
         <input_file_ref idref="fl-d3"/>
      </object_component>
      <object_component id="oc-1cc">
         <name>.debug_info</name>
         <load_address>0x1973b</load_address>
         <run_address>0x1973b</run_address>
         <size>0xf7</size>
         <input_file_ref idref="fl-d3"/>
      </object_component>
      <object_component id="oc-23e">
         <name>.debug_info</name>
         <load_address>0x19832</load_address>
         <run_address>0x19832</run_address>
         <size>0x184</size>
         <input_file_ref idref="fl-d3"/>
      </object_component>
      <object_component id="oc-2cc">
         <name>.debug_info</name>
         <load_address>0x199b6</load_address>
         <run_address>0x199b6</run_address>
         <size>0xae</size>
         <input_file_ref idref="fl-d3"/>
      </object_component>
      <object_component id="oc-d2">
         <name>.debug_info</name>
         <load_address>0x19a64</load_address>
         <run_address>0x19a64</run_address>
         <size>0x3ce</size>
         <input_file_ref idref="fl-d4"/>
      </object_component>
      <object_component id="oc-cc">
         <name>.debug_info</name>
         <load_address>0x19e32</load_address>
         <run_address>0x19e32</run_address>
         <size>0x185</size>
         <input_file_ref idref="fl-d4"/>
      </object_component>
      <object_component id="oc-71">
         <name>.debug_info</name>
         <load_address>0x19fb7</load_address>
         <run_address>0x19fb7</run_address>
         <size>0x214</size>
         <input_file_ref idref="fl-d4"/>
      </object_component>
      <object_component id="oc-1fc">
         <name>.debug_info</name>
         <load_address>0x1a1cb</load_address>
         <run_address>0x1a1cb</run_address>
         <size>0x144</size>
         <input_file_ref idref="fl-d5"/>
      </object_component>
      <object_component id="oc-202">
         <name>.debug_info</name>
         <load_address>0x1a30f</load_address>
         <run_address>0x1a30f</run_address>
         <size>0x132</size>
         <input_file_ref idref="fl-d6"/>
      </object_component>
      <object_component id="oc-205">
         <name>.debug_info</name>
         <load_address>0x1a441</load_address>
         <run_address>0x1a441</run_address>
         <size>0x131</size>
         <input_file_ref idref="fl-d7"/>
      </object_component>
      <object_component id="oc-242">
         <name>.debug_info</name>
         <load_address>0x1a572</load_address>
         <run_address>0x1a572</run_address>
         <size>0x3d6</size>
         <input_file_ref idref="fl-d8"/>
      </object_component>
      <object_component id="oc-1c2">
         <name>.debug_info</name>
         <load_address>0x1a948</load_address>
         <run_address>0x1a948</run_address>
         <size>0x455</size>
         <input_file_ref idref="fl-d8"/>
      </object_component>
      <object_component id="oc-fe">
         <name>.debug_info</name>
         <load_address>0x1ad9d</load_address>
         <run_address>0x1ad9d</run_address>
         <size>0x2c</size>
         <input_file_ref idref="fl-d8"/>
      </object_component>
      <object_component id="oc-271">
         <name>.debug_info</name>
         <load_address>0x1adc9</load_address>
         <run_address>0x1adc9</run_address>
         <size>0x417</size>
         <input_file_ref idref="fl-d9"/>
      </object_component>
      <object_component id="oc-221">
         <name>.debug_info</name>
         <load_address>0x1b1e0</load_address>
         <run_address>0x1b1e0</run_address>
         <size>0x282</size>
         <input_file_ref idref="fl-d9"/>
      </object_component>
      <object_component id="oc-1f8">
         <name>.debug_info</name>
         <load_address>0x1b462</load_address>
         <run_address>0x1b462</run_address>
         <size>0x124</size>
         <input_file_ref idref="fl-da"/>
      </object_component>
      <object_component id="oc-40">
         <name>.debug_info</name>
         <load_address>0x1b586</load_address>
         <run_address>0x1b586</run_address>
         <size>0x111</size>
         <input_file_ref idref="fl-db"/>
      </object_component>
      <object_component id="oc-4c">
         <name>.debug_info</name>
         <load_address>0x1b697</load_address>
         <run_address>0x1b697</run_address>
         <size>0x13f</size>
         <input_file_ref idref="fl-dc"/>
      </object_component>
      <object_component id="oc-57">
         <name>.debug_info</name>
         <load_address>0x1b7d6</load_address>
         <run_address>0x1b7d6</run_address>
         <size>0x138</size>
         <input_file_ref idref="fl-dd"/>
      </object_component>
      <object_component id="oc-2b2">
         <name>.debug_info</name>
         <load_address>0x1b90e</load_address>
         <run_address>0x1b90e</run_address>
         <size>0x3f7</size>
         <input_file_ref idref="fl-de"/>
      </object_component>
      <object_component id="oc-235">
         <name>.debug_info</name>
         <load_address>0x1bd05</load_address>
         <run_address>0x1bd05</run_address>
         <size>0x23a</size>
         <input_file_ref idref="fl-de"/>
      </object_component>
      <object_component id="oc-305">
         <name>.debug_info</name>
         <load_address>0x1bf3f</load_address>
         <run_address>0x1bf3f</run_address>
         <size>0x120</size>
         <input_file_ref idref="fl-de"/>
      </object_component>
      <object_component id="oc-60">
         <name>.debug_info</name>
         <load_address>0x1c05f</load_address>
         <run_address>0x1c05f</run_address>
         <size>0x148</size>
         <input_file_ref idref="fl-df"/>
      </object_component>
      <object_component id="oc-24a">
         <name>.debug_info</name>
         <load_address>0x1c1a7</load_address>
         <run_address>0x1c1a7</run_address>
         <size>0x35a</size>
         <input_file_ref idref="fl-e0"/>
      </object_component>
      <object_component id="oc-1c7">
         <name>.debug_info</name>
         <load_address>0x1c501</load_address>
         <run_address>0x1c501</run_address>
         <size>0x200</size>
         <input_file_ref idref="fl-e0"/>
      </object_component>
      <object_component id="oc-24b">
         <name>.debug_info</name>
         <load_address>0x1c701</load_address>
         <run_address>0x1c701</run_address>
         <size>0xbb</size>
         <input_file_ref idref="fl-e0"/>
      </object_component>
      <object_component id="oc-75">
         <name>.debug_info</name>
         <load_address>0x1c7bc</load_address>
         <run_address>0x1c7bc</run_address>
         <size>0x109</size>
         <input_file_ref idref="fl-e1"/>
      </object_component>
      <object_component id="oc-2dc">
         <name>.debug_info</name>
         <load_address>0x1c8c5</load_address>
         <run_address>0x1c8c5</run_address>
         <size>0x28f</size>
         <input_file_ref idref="fl-e2"/>
      </object_component>
      <object_component id="oc-26b">
         <name>.debug_info</name>
         <load_address>0x1cb54</load_address>
         <run_address>0x1cb54</run_address>
         <size>0x244</size>
         <input_file_ref idref="fl-e2"/>
      </object_component>
      <object_component id="oc-2da">
         <name>.debug_info</name>
         <load_address>0x1cd98</load_address>
         <run_address>0x1cd98</run_address>
         <size>0x27f</size>
         <input_file_ref idref="fl-e3"/>
      </object_component>
      <object_component id="oc-265">
         <name>.debug_info</name>
         <load_address>0x1d017</load_address>
         <run_address>0x1d017</run_address>
         <size>0x258</size>
         <input_file_ref idref="fl-e3"/>
      </object_component>
      <object_component id="oc-273">
         <name>.debug_info</name>
         <load_address>0x1d26f</load_address>
         <run_address>0x1d26f</run_address>
         <size>0x290</size>
         <input_file_ref idref="fl-e4"/>
      </object_component>
      <object_component id="oc-228">
         <name>.debug_info</name>
         <load_address>0x1d4ff</load_address>
         <run_address>0x1d4ff</run_address>
         <size>0x259</size>
         <input_file_ref idref="fl-e4"/>
      </object_component>
      <object_component id="oc-2a0">
         <name>.debug_info</name>
         <load_address>0x1d758</load_address>
         <run_address>0x1d758</run_address>
         <size>0x4c5</size>
         <input_file_ref idref="fl-e5"/>
      </object_component>
      <object_component id="oc-22d">
         <name>.debug_info</name>
         <load_address>0x1dc1d</load_address>
         <run_address>0x1dc1d</run_address>
         <size>0xf8</size>
         <input_file_ref idref="fl-e5"/>
      </object_component>
      <object_component id="oc-2af">
         <name>.debug_info</name>
         <load_address>0x1dd15</load_address>
         <run_address>0x1dd15</run_address>
         <size>0xf8</size>
         <input_file_ref idref="fl-e5"/>
      </object_component>
      <object_component id="oc-312">
         <name>.debug_info</name>
         <load_address>0x1de0d</load_address>
         <run_address>0x1de0d</run_address>
         <size>0x184</size>
         <input_file_ref idref="fl-e5"/>
      </object_component>
      <object_component id="oc-182">
         <name>.debug_info</name>
         <load_address>0x1df91</load_address>
         <run_address>0x1df91</run_address>
         <size>0x2be</size>
         <input_file_ref idref="fl-e6"/>
      </object_component>
      <object_component id="oc-cf">
         <name>.debug_info</name>
         <load_address>0x1e24f</load_address>
         <run_address>0x1e24f</run_address>
         <size>0x113</size>
         <input_file_ref idref="fl-e6"/>
      </object_component>
      <object_component id="oc-17d">
         <name>.debug_info</name>
         <load_address>0x1e362</load_address>
         <run_address>0x1e362</run_address>
         <size>0x21f</size>
         <input_file_ref idref="fl-e6"/>
      </object_component>
      <object_component id="oc-ca">
         <name>.debug_info</name>
         <load_address>0x1e581</load_address>
         <run_address>0x1e581</run_address>
         <size>0x300</size>
         <input_file_ref idref="fl-e7"/>
      </object_component>
      <object_component id="oc-69">
         <name>.debug_info</name>
         <load_address>0x1e881</load_address>
         <run_address>0x1e881</run_address>
         <size>0x167</size>
         <input_file_ref idref="fl-e7"/>
      </object_component>
      <object_component id="oc-173">
         <name>.debug_info</name>
         <load_address>0x1e9e8</load_address>
         <run_address>0x1e9e8</run_address>
         <size>0x5e</size>
         <input_file_ref idref="fl-e7"/>
      </object_component>
      <object_component id="oc-c2">
         <name>.debug_info</name>
         <load_address>0x1ea46</load_address>
         <run_address>0x1ea46</run_address>
         <size>0x483</size>
         <input_file_ref idref="fl-e8"/>
      </object_component>
      <object_component id="oc-64">
         <name>.debug_info</name>
         <load_address>0x1eec9</load_address>
         <run_address>0x1eec9</run_address>
         <size>0x190</size>
         <input_file_ref idref="fl-e8"/>
      </object_component>
      <object_component id="oc-10f">
         <name>.debug_info</name>
         <load_address>0x1f059</load_address>
         <run_address>0x1f059</run_address>
         <size>0x39</size>
         <input_file_ref idref="fl-e8"/>
      </object_component>
      <object_component id="oc-1ab">
         <name>.debug_info</name>
         <load_address>0x1f092</load_address>
         <run_address>0x1f092</run_address>
         <size>0x39</size>
         <input_file_ref idref="fl-e8"/>
      </object_component>
      <object_component id="oc-114">
         <name>.debug_info</name>
         <load_address>0x1f0cb</load_address>
         <run_address>0x1f0cb</run_address>
         <size>0xcd</size>
         <input_file_ref idref="fl-e8"/>
      </object_component>
      <object_component id="oc-10b">
         <name>.debug_info</name>
         <load_address>0x1f198</load_address>
         <run_address>0x1f198</run_address>
         <size>0x37a</size>
         <input_file_ref idref="fl-e9"/>
      </object_component>
      <object_component id="oc-b7">
         <name>.debug_info</name>
         <load_address>0x1f512</load_address>
         <run_address>0x1f512</run_address>
         <size>0x183</size>
         <input_file_ref idref="fl-e9"/>
      </object_component>
      <object_component id="oc-1a6">
         <name>.debug_info</name>
         <load_address>0x1f695</load_address>
         <run_address>0x1f695</run_address>
         <size>0x2c</size>
         <input_file_ref idref="fl-e9"/>
      </object_component>
      <object_component id="oc-2c7">
         <name>.debug_info</name>
         <load_address>0x1f6c1</load_address>
         <run_address>0x1f6c1</run_address>
         <size>0x39a</size>
         <input_file_ref idref="fl-ea"/>
      </object_component>
      <object_component id="oc-239">
         <name>.debug_info</name>
         <load_address>0x1fa5b</load_address>
         <run_address>0x1fa5b</run_address>
         <size>0x298</size>
         <input_file_ref idref="fl-ea"/>
      </object_component>
      <object_component id="oc-315">
         <name>.debug_info</name>
         <load_address>0x1fcf3</load_address>
         <run_address>0x1fcf3</run_address>
         <size>0x33c</size>
         <input_file_ref idref="fl-eb"/>
      </object_component>
      <object_component id="oc-2b7">
         <name>.debug_info</name>
         <load_address>0x2002f</load_address>
         <run_address>0x2002f</run_address>
         <size>0x25a</size>
         <input_file_ref idref="fl-eb"/>
      </object_component>
      <object_component id="oc-2f2">
         <name>.debug_info</name>
         <load_address>0x20289</load_address>
         <run_address>0x20289</run_address>
         <size>0x368</size>
         <input_file_ref idref="fl-ec"/>
      </object_component>
      <object_component id="oc-27d">
         <name>.debug_info</name>
         <load_address>0x205f1</load_address>
         <run_address>0x205f1</run_address>
         <size>0x1b1</size>
         <input_file_ref idref="fl-ec"/>
      </object_component>
      <object_component id="oc-2f8">
         <name>.debug_info</name>
         <load_address>0x207a2</load_address>
         <run_address>0x207a2</run_address>
         <size>0x36d</size>
         <input_file_ref idref="fl-ed"/>
      </object_component>
      <object_component id="oc-28e">
         <name>.debug_info</name>
         <load_address>0x20b0f</load_address>
         <run_address>0x20b0f</run_address>
         <size>0x205</size>
         <input_file_ref idref="fl-ed"/>
      </object_component>
      <object_component id="oc-2ee">
         <name>.debug_info</name>
         <load_address>0x20d14</load_address>
         <run_address>0x20d14</run_address>
         <size>0x3cb</size>
         <input_file_ref idref="fl-ee"/>
      </object_component>
      <object_component id="oc-276">
         <name>.debug_info</name>
         <load_address>0x210df</load_address>
         <run_address>0x210df</run_address>
         <size>0x201</size>
         <input_file_ref idref="fl-ee"/>
      </object_component>
      <object_component id="oc-2f4">
         <name>.debug_info</name>
         <load_address>0x212e0</load_address>
         <run_address>0x212e0</run_address>
         <size>0x36c</size>
         <input_file_ref idref="fl-ef"/>
      </object_component>
      <object_component id="oc-284">
         <name>.debug_info</name>
         <load_address>0x2164c</load_address>
         <run_address>0x2164c</run_address>
         <size>0x1f0</size>
         <input_file_ref idref="fl-ef"/>
      </object_component>
      <object_component id="oc-302">
         <name>.debug_info</name>
         <load_address>0x2183c</load_address>
         <run_address>0x2183c</run_address>
         <size>0x3f3</size>
         <input_file_ref idref="fl-f0"/>
      </object_component>
      <object_component id="oc-299">
         <name>.debug_info</name>
         <load_address>0x21c2f</load_address>
         <run_address>0x21c2f</run_address>
         <size>0x22b</size>
         <input_file_ref idref="fl-f0"/>
      </object_component>
      <object_component id="oc-2fa">
         <name>.debug_info</name>
         <load_address>0x21e5a</load_address>
         <run_address>0x21e5a</run_address>
         <size>0x3be</size>
[...]
      </symbol>
      <symbol id="sm-574">
         <name>_c_int00</name>
         <value>0x4799</value>
         <object_component_ref idref="oc-26"/>
      </symbol>
      <symbol id="sm-575">
         <name>__stack</name>
         <value>0x2000fe00</value>
         <object_component_ref idref="oc-2f"/>
      </symbol>
      <symbol id="sm-593">
         <name>__TI_decompress_lzss</name>
         <value>0x448d</value>
         <object_component_ref idref="oc-14"/>
      </symbol>
      <symbol id="sm-5aa">
         <name>__TI_decompress_none</name>
         <value>0x4af9</value>
         <object_component_ref idref="oc-1a"/>
      </symbol>
      <symbol id="sm-5bc">
         <name>__TI_zero_init</name>
         <value>0x4b15</value>
         <object_component_ref idref="oc-20"/>
      </symbol>
      <symbol id="sm-5d6">
         <name>__TI_tmpnams</name>
         <value>0x20003320</value>
      </symbol>
      <symbol id="sm-5d7">
         <name>__aeabi_stdout</name>
         <value>0x20003b74</value>
         <object_component_ref idref="oc-23d"/>
      </symbol>
      <symbol id="sm-5d8">
         <name>__aeabi_stderr</name>
         <value>0x20003b78</value>
         <object_component_ref idref="oc-23d"/>
      </symbol>
      <symbol id="sm-5d9">
         <name>__aeabi_stdin</name>
         <value>0x20003b70</value>
         <object_component_ref idref="oc-23d"/>
      </symbol>
      <symbol id="sm-5da">
         <name>_ftable</name>
         <value>0x20003980</value>
         <object_component_ref idref="oc-1cb"/>
      </symbol>
      <symbol id="sm-5db">
         <name>__TI_ft_end</name>
         <value>0x20003b6c</value>
         <object_component_ref idref="oc-23d"/>
      </symbol>
      <symbol id="sm-5fc">
         <name>C$$EXIT</name>
         <value>0x47ed</value>
         <object_component_ref idref="oc-6e"/>
      </symbol>
      <symbol id="sm-5fd">
         <name>abort</name>
         <value>0x47f1</value>
         <object_component_ref idref="oc-6e"/>
      </symbol>
      <symbol id="sm-5fe">
         <name>exit</name>
         <value>0x47f9</value>
         <object_component_ref idref="oc-6e"/>
      </symbol>
      <symbol id="sm-5ff">
         <name>__TI_dtors_ptr</name>
         <value>0x20003b80</value>
         <object_component_ref idref="oc-cb"/>
      </symbol>
      <symbol id="sm-600">
         <name>__TI_cleanup_ptr</name>
         <value>0x20003b7c</value>
         <object_component_ref idref="oc-cb"/>
      </symbol>
      <symbol id="sm-601">
         <name>__TI_enable_exit_profile_output</name>
         <value>0x20003b84</value>
         <object_component_ref idref="oc-cb"/>
      </symbol>
      <symbol id="sm-618">
         <name>__aeabi_dsub</name>
         <value>0x35c5</value>
         <object_component_ref idref="oc-1fa"/>
      </symbol>
      <symbol id="sm-619">
         <name>__aeabi_dadd</name>
         <value>0x35cf</value>
         <object_component_ref idref="oc-1fa"/>
      </symbol>
      <symbol id="sm-62d">
         <name>__aeabi_ddiv</name>
         <value>0x392d</value>
         <object_component_ref idref="oc-1ff"/>
      </symbol>
      <symbol id="sm-637">
         <name>__aeabi_d2uiz</name>
         <value>0x488d</value>
         <object_component_ref idref="oc-204"/>
      </symbol>
      <symbol id="sm-66e">
         <name>__TI_cleanup</name>
         <value>0x34c9</value>
         <object_component_ref idref="oc-1bf"/>
      </symbol>
      <symbol id="sm-66f">
         <name>freopen</name>
         <value>0x34f5</value>
         <object_component_ref idref="oc-1bf"/>
      </symbol>
      <symbol id="sm-670">
         <name>fopen</name>
         <value>0x351f</value>
         <object_component_ref idref="oc-1bf"/>
      </symbol>
      <symbol id="sm-685">
         <name>finddevice</name>
         <value>0x441d</value>
         <object_component_ref idref="oc-21f"/>
      </symbol>
      <symbol id="sm-686">
         <name>getdevice</name>
         <value>0x4447</value>
         <object_component_ref idref="oc-21f"/>
      </symbol>
      <symbol id="sm-690">
         <name>__aeabi_i2d</name>
         <value>0x49cf</value>
         <object_component_ref idref="oc-1f5"/>
      </symbol>
      <symbol id="sm-6ab">
         <name>memcpy</name>
         <value>0x41fd</value>
         <object_component_ref idref="oc-3e"/>
      </symbol>
      <symbol id="sm-6ac">
         <name>__aeabi_memcpy</name>
         <value>0x41fd</value>
         <object_component_ref idref="oc-3e"/>
      </symbol>
      <symbol id="sm-6ad">
         <name>__aeabi_memcpy8</name>
         <value>0x41fd</value>
         <object_component_ref idref="oc-3e"/>
      </symbol>
      <symbol id="sm-6ae">
         <name>__aeabi_memcpy4</name>
         <value>0x41fd</value>
         <object_component_ref idref="oc-3e"/>
      </symbol>
      <symbol id="sm-6bd">
         <name>__aeabi_memset</name>
         <value>0x4333</value>
         <object_component_ref idref="oc-4a"/>
      </symbol>
      <symbol id="sm-6be">
         <name>memset</name>
         <value>0x4339</value>
         <object_component_ref idref="oc-4a"/>
      </symbol>
      <symbol id="sm-6bf">
         <name>__aeabi_memset8</name>
         <value>0x4333</value>
         <object_component_ref idref="oc-4a"/>
      </symbol>
      <symbol id="sm-6c0">
         <name>__aeabi_memset4</name>
         <value>0x4333</value>
         <object_component_ref idref="oc-4a"/>
      </symbol>
      <symbol id="sm-6c1">
         <name>__aeabi_memclr8</name>
         <value>0x4331</value>
         <object_component_ref idref="oc-4a"/>
      </symbol>
      <symbol id="sm-6c2">
         <name>__aeabi_memclr4</name>
         <value>0x4331</value>
         <object_component_ref idref="oc-4a"/>
      </symbol>
      <symbol id="sm-6c3">
         <name>__aeabi_memclr</name>
         <value>0x4331</value>
         <object_component_ref idref="oc-4a"/>
      </symbol>
      <symbol id="sm-6cd">
         <name>__mpu_init</name>
         <value>0x1fb7</value>
         <object_component_ref idref="oc-56"/>
      </symbol>
      <symbol id="sm-6ef">
         <name>open</name>
         <value>0x3f2d</value>
         <object_component_ref idref="oc-231"/>
      </symbol>
      <symbol id="sm-6f9">
         <name>_system_pre_init</name>
         <value>0x4b21</value>
         <object_component_ref idref="oc-5c"/>
      </symbol>
      <symbol id="sm-71a">
         <name>setvbuf</name>
         <value>0x3d89</value>
         <object_component_ref idref="oc-1c5"/>
      </symbol>
      <symbol id="sm-722">
         <name>main_func_sp</name>
         <value>0x20003bb0</value>
         <object_component_ref idref="oc-74"/>
      </symbol>
      <symbol id="sm-732">
         <name>strchr</name>
         <value>0x4aa5</value>
         <object_component_ref idref="oc-26a"/>
      </symbol>
      <symbol id="sm-741">
         <name>strcmp</name>
         <value>0x4a8d</value>
         <object_component_ref idref="oc-264"/>
      </symbol>
      <symbol id="sm-751">
         <name>strncpy</name>
         <value>0x4999</value>
         <object_component_ref idref="oc-225"/>
      </symbol>
      <symbol id="sm-76d">
         <name>_stream</name>
         <value>0x20003ae8</value>
         <object_component_ref idref="oc-2ae"/>
      </symbol>
      <symbol id="sm-76e">
         <name>_device</name>
         <value>0x20003a70</value>
         <object_component_ref idref="oc-22c"/>
      </symbol>
      <symbol id="sm-76f">
         <name>write</name>
         <value>0x4a29</value>
         <object_component_ref idref="oc-30e"/>
      </symbol>
      <symbol id="sm-788">
         <name>_nop</name>
         <value>0x4acb</value>
         <object_component_ref idref="oc-17a"/>
      </symbol>
      <symbol id="sm-789">
         <name>_lock</name>
         <value>0x20003b94</value>
         <object_component_ref idref="oc-ce"/>
      </symbol>
      <symbol id="sm-78a">
         <name>_unlock</name>
         <value>0x20003b98</value>
         <object_component_ref idref="oc-ce"/>
      </symbol>
      <symbol id="sm-78b">
         <name>_register_lock</name>
         <value>0x4ac3</value>
         <object_component_ref idref="oc-17a"/>
      </symbol>
      <symbol id="sm-78c">
         <name>_register_unlock</name>
         <value>0x4abd</value>
         <object_component_ref idref="oc-17a"/>
      </symbol>
      <symbol id="sm-7a0">
         <name>_args_main</name>
         <value>0x4a75</value>
         <object_component_ref idref="oc-68"/>
      </symbol>
      <symbol id="sm-7ca">
         <name>__TI_auto_init</name>
         <value>0x43ad</value>
         <object_component_ref idref="oc-62"/>
      </symbol>
      <symbol id="sm-7e4">
         <name>copy_in</name>
         <value>0x4841</value>
         <object_component_ref idref="oc-b5"/>
      </symbol>
      <symbol id="sm-7fa">
         <name>__TI_closefile</name>
         <value>0x4299</value>
         <object_component_ref idref="oc-237"/>
      </symbol>
      <symbol id="sm-7fb">
         <name>fclose</name>
         <value>0x42ff</value>
         <object_component_ref idref="oc-237"/>
      </symbol>
      <symbol id="sm-815">
         <name>__TI_doflush</name>
         <value>0x3e65</value>
         <object_component_ref idref="oc-2b3"/>
      </symbol>
      <symbol id="sm-816">
         <name>fflush</name>
         <value>0x3eb1</value>
         <object_component_ref idref="oc-2b3"/>
      </symbol>
      <symbol id="sm-827">
         <name>HOSTclose</name>
         <value>0x48d1</value>
         <object_component_ref idref="oc-27a"/>
      </symbol>
      <symbol id="sm-838">
         <name>HOSTlseek</name>
         <value>0x44f5</value>
         <object_component_ref idref="oc-28c"/>
      </symbol>
      <symbol id="sm-84a">
         <name>parmbuf</name>
         <value>0x20003514</value>
      </symbol>
      <symbol id="sm-84b">
         <name>HOSTopen</name>
         <value>0x462d</value>
         <object_component_ref idref="oc-274"/>
      </symbol>
      <symbol id="sm-85c">
         <name>HOSTread</name>
         <value>0x46e9</value>
         <object_component_ref idref="oc-280"/>
      </symbol>
      <symbol id="sm-86d">
         <name>HOSTrename</name>
         <value>0x455d</value>
         <object_component_ref idref="oc-298"/>
      </symbol>
      <symbol id="sm-87e">
         <name>HOSTunlink</name>
         <value>0x4915</value>
         <object_component_ref idref="oc-292"/>
      </symbol>
      <symbol id="sm-88f">
         <name>HOSTwrite</name>
         <value>0x4741</value>
         <object_component_ref idref="oc-286"/>
      </symbol>
      <symbol id="sm-901">
         <name>_sys_memory</name>
         <value>0x20003580</value>
         <object_component_ref idref="oc-30"/>
      </symbol>
      <symbol id="sm-902">
         <name>free</name>
         <value>0x20a3</value>
         <object_component_ref idref="oc-243"/>
      </symbol>
      <symbol id="sm-903">
         <name>realloc</name>
         <value>0x2163</value>
         <object_component_ref idref="oc-243"/>
      </symbol>
      <symbol id="sm-904">
         <name>memalign</name>
         <value>0x226d</value>
         <object_component_ref idref="oc-243"/>
      </symbol>
      <symbol id="sm-905">
         <name>calloc</name>
         <value>0x2359</value>
         <object_component_ref idref="oc-243"/>
      </symbol>
      <symbol id="sm-906">
         <name>malloc</name>
         <value>0x2039</value>
         <object_component_ref idref="oc-243"/>
      </symbol>
      <symbol id="sm-907">
         <name>minit</name>
         <value>0x1fb9</value>
         <object_component_ref idref="oc-243"/>
      </symbol>
      <symbol id="sm-912">
         <name>_system_post_cinit</name>
         <value>0x377b</value>
         <object_component_ref idref="oc-bb"/>
      </symbol>
      <symbol id="sm-920">
         <name>strcpy</name>
         <value>0x4ad1</value>
         <object_component_ref idref="oc-2fb"/>
      </symbol>
      <symbol id="sm-92e">
         <name>strlen</name>
         <value>0x4ae5</value>
         <object_component_ref idref="oc-2e1"/>
      </symbol>
      <symbol id="sm-949">
         <name>__TI_readmsg</name>
         <value>0x45f7</value>
         <object_component_ref idref="oc-2e7"/>
      </symbol>
      <symbol id="sm-94a">
         <name>C$$IO$$</name>
         <value>0x45f3</value>
         <object_component_ref idref="oc-2e7"/>
      </symbol>
      <symbol id="sm-94b">
         <name>__CIOBUF_</name>
         <value>0x20003200</value>
         <object_component_ref idref="oc-324"/>
      </symbol>
      <symbol id="sm-94c">
         <name>__TI_writemsg</name>
         <value>0x45c5</value>
         <object_component_ref idref="oc-2e7"/>
      </symbol>
      <symbol id="sm-95c">
         <name>unlink</name>
         <value>0x49fd</value>
         <object_component_ref idref="oc-2bf"/>
      </symbol>
      <symbol id="sm-970">
         <name>close</name>
         <value>0x468d</value>
         <object_component_ref idref="oc-2b9"/>
      </symbol>
      <symbol id="sm-971">
         <name>__TI_static_base__</name>
         <value>0x0</value>
      </symbol>
      <symbol id="sm-974">
         <name>SHT$$INIT_ARRAY$$Limit</name>
         <value>0x0</value>
      </symbol>
      <symbol id="sm-975">
         <name>SHT$$INIT_ARRAY$$Base</name>
         <value>0x0</value>
      </symbol>
      <symbol id="sm-976">
         <name>NMI_Handler</name>
         <value>0x4b13</value>
      </symbol>
      <symbol id="sm-977">
         <name>HardFault_Handler</name>
         <value>0x4b13</value>
      </symbol>
      <symbol id="sm-978">
         <name>MemManage_Handler</name>
         <value>0x4b13</value>
      </symbol>
      <symbol id="sm-979">
         <name>BusFault_Handler</name>
         <value>0x4b13</value>
      </symbol>
      <symbol id="sm-97a">
         <name>UsageFault_Handler</name>
         <value>0x4b13</value>
      </symbol>
      <symbol id="sm-97b">
         <name>SVC_Handler</name>
         <value>0x4b13</value>
      </symbol>
      <symbol id="sm-97c">
         <name>DebugMon_Handler</name>
         <value>0x4b13</value>
      </symbol>
      <symbol id="sm-97d">
         <name>PendSV_Handler</name>
         <value>0x4b13</value>
      </symbol>
      <symbol id="sm-97e">
         <name>SysTick_Handler</name>
         <value>0x4b13</value>
      </symbol>
      <symbol id="sm-97f">
         <name>PSS_IRQHandler</name>
         <value>0x4b13</value>
      </symbol>
      <symbol id="sm-980">
         <name>CS_IRQHandler</name>
         <value>0x4b13</value>
      </symbol>
      <symbol id="sm-981">
         <name>PCM_IRQHandler</name>
         <value>0x4b13</value>
      </symbol>
      <symbol id="sm-982">
         <name>WDT_A_IRQHandler</name>
         <value>0x4b13</value>
      </symbol>
      <symbol id="sm-983">
         <name>FPU_IRQHandler</name>
         <value>0x4b13</value>
      </symbol>
      <symbol id="sm-984">
         <name>FLCTL_IRQHandler</name>
         <value>0x4b13</value>
      </symbol>
      <symbol id="sm-985">
         <name>COMP_E0_IRQHandler</name>
         <value>0x4b13</value>
      </symbol>
      <symbol id="sm-986">
         <name>COMP_E1_IRQHandler</name>
         <value>0x4b13</value>
      </symbol>
      <symbol id="sm-987">
         <name>TA0_0_IRQHandler</name>
         <value>0x4b13</value>
      </symbol>
      <symbol id="sm-988">
         <name>TA0_N_IRQHandler</name>
         <value>0x4b13</value>
      </symbol>
      <symbol id="sm-989">
         <name>TA1_0_IRQHandler</name>
         <value>0x41c7</value>
      </symbol>
      <symbol id="sm-98a">
         <name>TA1_N_IRQHandler</name>
         <value>0x4b13</value>
      </symbol>
      <symbol id="sm-98b">
         <name>TA2_0_IRQHandler</name>
         <value>0x4b13</value>
      </symbol>
      <symbol id="sm-98c">
         <name>TA2_N_IRQHandler</name>
         <value>0x4b13</value>
      </symbol>
      <symbol id="sm-98d">
         <name>TA3_0_IRQHandler</name>
         <value>0x3b15</value>
      </symbol>
      <symbol id="sm-98e">
         <name>TA3_N_IRQHandler</name>
         <value>0x3b2f</value>
      </symbol>
      <symbol id="sm-98f">
         <name>EUSCIA0_IRQHandler</name>
         <value>0x1a8f</value>
      </symbol>
      <symbol id="sm-990">
         <name>EUSCIA1_IRQHandler</name>
         <value>0x4b13</value>
      </symbol>
      <symbol id="sm-991">
         <name>EUSCIA2_IRQHandler</name>
         <value>0x4b13</value>
      </symbol>
      <symbol id="sm-992">
         <name>EUSCIA3_IRQHandler</name>
         <value>0x4b13</value>
      </symbol>
      <symbol id="sm-993">
         <name>EUSCIB0_IRQHandler</name>
         <value>0x4b13</value>
      </symbol>
      <symbol id="sm-994">
         <name>EUSCIB1_IRQHandler</name>
         <value>0x4b13</value>
      </symbol>
      <symbol id="sm-995">
         <name>EUSCIB2_IRQHandler</name>
         <value>0x4b13</value>
      </symbol>
      <symbol id="sm-996">
         <name>EUSCIB3_IRQHandler</name>
         <value>0x4b13</value>
      </symbol>
      <symbol id="sm-997">
         <name>ADC14_IRQHandler</name>
         <value>0x4b13</value>
      </symbol>
      <symbol id="sm-998">
         <name>T32_INT1_IRQHandler</name>
         <value>0x4b13</value>
      </symbol>
      <symbol id="sm-999">
         <name>T32_INT2_IRQHandler</name>
         <value>0x4b13</value>
      </symbol>
      <symbol id="sm-99a">
         <name>T32_INTC_IRQHandler</name>
         <value>0x4b13</value>
      </symbol>
      <symbol id="sm-99b">
         <name>AES256_IRQHandler</name>
         <value>0x4b13</value>
      </symbol>
      <symbol id="sm-99c">
         <name>RTC_C_IRQHandler</name>
         <value>0x4b13</value>
      </symbol>
      <symbol id="sm-99d">
         <name>DMA_ERR_IRQHandler</name>
         <value>0x4b13</value>
      </symbol>
      <symbol id="sm-99e">
         <name>DMA_INT3_IRQHandler</name>
         <value>0x4b13</value>
      </symbol>
      <symbol id="sm-99f">
         <name>DMA_INT2_IRQHandler</name>
         <value>0x4b13</value>
      </symbol>
      <symbol id="sm-9a0">
         <name>DMA_INT1_IRQHandler</name>
         <value>0x4b13</value>
      </symbol>
      <symbol id="sm-9a1">
         <name>DMA_INT0_IRQHandler</name>
         <value>0x4b13</value>
      </symbol>
      <symbol id="sm-9a2">
         <name>PORT1_IRQHandler</name>
         <value>0x4b13</value>
      </symbol>
      <symbol id="sm-9a3">
         <name>PORT2_IRQHandler</name>
         <value>0x4b13</value>
      </symbol>
      <symbol id="sm-9a4">
         <name>PORT3_IRQHandler</name>
         <value>0x4b13</value>
      </symbol>
      <symbol id="sm-9a5">
         <name>PORT4_IRQHandler</name>
         <value>0x3c55</value>
      </symbol>
      <symbol id="sm-9a6">
         <name>PORT5_IRQHandler</name>
         <value>0x4b13</value>
      </symbol>
      <symbol id="sm-9a7">
         <name>PORT6_IRQHandler</name>
         <value>0x4b13</value>
      </symbol>
      <symbol id="sm-9a8">
         <name>remove</name>
         <value>0x49fd</value>
      </symbol>
   </symbol_table>
   <title>Link successful</title>
</link_info>
