******************************************************************************
                  TI ARM Linker PC v16.9.6                     
******************************************************************************
>> Linked Tue Oct 27 14:39:20 2020

OUTPUT FILE NAME:   <Lab5_UARTComms.out>
ENTRY POINT SYMBOL: "_c_int00"  address: 00004799


MEMORY CONFIGURATION

         name            origin    length      used     unused   attr    fill
----------------------  --------  ---------  --------  --------  ----  --------
  MAIN                  00000000   00040000  00004bec  0003b414  R  X
  INFO                  00200000   00004000  00000000  00004000  R  X
  SRAM_CODE             01000000   00010000  00003db8  0000c248  RW X
  SRAM_DATA             20000000   00010000  00003db8  0000c248  RW  


SEGMENT ALLOCATION MAP

run origin  load origin   length   init length attrs members
----------  ----------- ---------- ----------- ----- -------
00000000    00000000    00004bf0   00004bf0    r-x
  00000000    00000000    000000e4   000000e4    r-- .intvecs
  000000e4    000000e4    00004a40   00004a40    r-x .text
  00004b24    00004b24    00000020   00000020    r-- .const
  00004b48    00004b48    000000a8   000000a8    r-- .cinit
20000000    20000000    00003bb8   00000000    rw-
  20000000    20000000    00003580   00000000    rw- .bss
  20003580    20003580    00000400   00000000    rw- .sysmem
  20003980    20003980    00000238   00000000    rw- .data
2000fe00    2000fe00    00000200   00000000    rw-
  2000fe00    2000fe00    00000200   00000000    rw- .stack


SECTION ALLOCATION MAP

 output                                  attributes/
section   page    origin      length       input sections
--------  ----  ----------  ----------   ----------------
.intvecs   0    00000000    000000e4     
                  00000000    000000e4     startup_msp432p401r_ccs.obj (.intvecs:retain)

.binit     0    00000000    00000000     

.text      0    000000e4    00004a40     
                  000000e4    0000125c     Lab5_UARTmain.obj (.text)
                  00001340    000006bc     UART0.obj (.text)
                  000019fc    000005ba     EUSCIA0.obj (.text)
                  00001fb6    00000002     rtsv7M4_T_le_v4SPD16_eabi.lib : mpu_init.obj (.text)
                  00001fb8    000003d0                                   : memory.obj (.text)
                  00002388    0000032c     system_msp432p401r.obj (.text)
                  000026b4    00000308     LPF.obj (.text)
                  000029bc    00000260     ADC14.obj (.text)
                  00002c1c    00000228     PWM.obj (.text)
                  00002e44    00000210     FIFO0.obj (.text)
                  00003054    000001e0     Clock.obj (.text)
                  00003234    000001cc     Reflectance.obj (.text)
                  00003400    000001c4     rtsv7M4_T_le_v4SPD16_eabi.lib : fopen.obj (.text)
                  000035c4    000001b6                                   : fd_add_t2.obj (.text)
                  0000377a    00000002                                   : startup.obj (.text)
                  0000377c    000001b0     Motor.obj (.text)
                  0000392c    00000136     rtsv7M4_T_le_v4SPD16_eabi.lib : fd_div_t2.obj (.text)
                  00003a62    00000002     --HOLE-- [fill = 0]
                  00003a64    0000012c     TA3InputCapture.obj (.text)
                  00003b90    00000104     BumpInt.obj (.text)
                  00003c94    000000f4     LaunchPad.obj (.text)
                  00003d88    000000dc     rtsv7M4_T_le_v4SPD16_eabi.lib : setvbuf.obj (.text)
                  00003e64    000000c8                                   : fflush.obj (.text)
                  00003f2c    000000bc                                   : open.obj (.text)
                  00003fe8    000000b8                                   : add_device.obj (.text)
                  000040a0    000000b4     IRDistance.obj (.text)
                  00004154    000000a8     TimerA1.obj (.text)
                  000041fc    0000009c     rtsv7M4_T_le_v4SPD16_eabi.lib : memcpy_t2.obj (.text)
                  00004298    00000098                                   : fclose.obj (.text)
                  00004330    0000007a                                   : memset_t2.obj (.text)
                  000043aa    00000002     --HOLE-- [fill = 0]
                  000043ac    00000070                                   : autoinit.obj (.text)
                  0000441c    00000070                                   : getdevice.obj (.text)
                  0000448c    00000068                                   : copy_decompress_lzss.obj (.text:decompress:lzss)
                  000044f4    00000068                                   : hostlseek.obj (.text)
                  0000455c    00000068                                   : hostrename.obj (.text)
                  000045c4    00000068                                   : trgmsg.obj (.text)
                  0000462c    00000060                                   : hostopen.obj (.text)
                  0000468c    0000005c                                   : close.obj (.text)
                  000046e8    00000058                                   : hostread.obj (.text)
                  00004740    00000058                                   : hostwrite.obj (.text)
                  00004798    00000054                                   : boot.obj (.text)
                  000047ec    00000054                                   : exit.obj (.text)
                  00004840    0000004c                                   : cpy_tbl.obj (.text)
                  0000488c    00000044                                   : fd_tou_t2.obj (.text)
                  000048d0    00000044                                   : hostclose.obj (.text)
                  00004914    00000044                                   : hostunlink.obj (.text)
                  00004958    00000040     SysTickInts.obj (.text)
                  00004998    00000036     rtsv7M4_T_le_v4SPD16_eabi.lib : strncpy.obj (.text)
                  000049ce    0000002e                                   : i_tofd_t2.obj (.text)
                  000049fc    0000002c                                   : unlink.obj (.text)
                  00004a28    00000028                                   : write.obj (.text)
                  00004a50    00000024     CortexM.obj (.text)
                  00004a74    00000018     rtsv7M4_T_le_v4SPD16_eabi.lib : args_main.obj (.text)
                  00004a8c    00000018                                   : strcmp.obj (.text)
                  00004aa4    00000016                                   : strchr.obj (.text)
                  00004aba    00000002     --HOLE-- [fill = 0]
                  00004abc    00000014                                   : _lock.obj (.text)
                  00004ad0    00000014                                   : strcpy.obj (.text)
                  00004ae4    00000014                                   : strlen.obj (.text)
                  00004af8    0000000e                                   : copy_decompress_none.obj (.text:decompress:none)
                  00004b06    0000000e     startup_msp432p401r_ccs.obj (.text)
                  00004b14    0000000c     rtsv7M4_T_le_v4SPD16_eabi.lib : copy_zero_init.obj (.text:decompress:ZI)
                  00004b20    00000004                                   : pre_init.obj (.text)

.const     0    00004b24    00000020     
                  00004b24    00000020     Reflectance.obj (.const:$P$T0$1)

.cinit     0    00004b48    000000a8     
                  00004b48    0000007f     (.cinit..data.load) [load image, compression = lzss]
                  00004bc7    00000001     --HOLE-- [fill = 0]
                  00004bc8    0000000c     (__TI_handler_table)
                  00004bd4    00000004     --HOLE-- [fill = 0]
                  00004bd8    00000008     (.cinit..bss.load) [load image, compression = zero_init]
                  00004be0    00000010     (__TI_cinit_table)

.init_array 
*          0    00000000    00000000     UNINITIALIZED

.bss       0    20000000    00003580     UNINITIALIZED
                  20000000    00001000     (.common:x)
                  20001000    00001000     (.common:x2)
                  20002000    00001000     (.common:x3)
                  20003000    00000200     (.common:TxHistogram)
                  20003200    00000120     rtsv7M4_T_le_v4SPD16_eabi.lib : trgmsg.obj (.bss:_CIOBUF_)
                  20003320    000000a0     (.common:__TI_tmpnams)
                  200033c0    00000082     (.common:RxFifo0)
                  20003442    00000082     (.common:TxFifo0)
                  200034c4    00000040     (.common:String)
                  20003504    00000008     (.common:Messageb)
                  2000350c    00000008     (.common:Messagec)
                  20003514    00000008     (.common:parmbuf)
                  2000351c    00000004     (.common:Done0)
                  20003520    00000004     (.common:Done2)
                  20003524    00000004     (.common:Elapsed)
                  20003528    00000004     (.common:First)
                  2000352c    00000004     (.common:I1)
                  20003530    00000004     (.common:LPFSum)
                  20003534    00000004     (.common:LPFSum2)
                  20003538    00000004     (.common:LPFSum3)
                  2000353c    00000004     (.common:MaxTime)
                  20003540    00000004     (.common:Messageindexb)
                  20003544    00000004     (.common:Messageindexc)
                  20003548    00000004     (.common:NumErrors)
                  2000354c    00000004     (.common:NumSuccess)
                  20003550    00000004     (.common:Port4Task)
                  20003554    00000004     (.common:Pt)
                  20003558    00000004     (.common:Pt2)
                  2000355c    00000004     (.common:Pt3)
                  20003560    00000004     (.common:Size)
                  20003564    00000004     (.common:TimerA1Task)
                  20003568    00000004     (.common:nc)
                  2000356c    00000004     (.common:nl)
                  20003570    00000004     (.common:nr)
                  20003574    00000002     (.common:First0)
                  20003576    00000002     (.common:First2)
                  20003578    00000002     (.common:Period0)
                  2000357a    00000002     (.common:Period2)
                  2000357c    00000001     (.common:CollisionData)
                  2000357d    00000001     (.common:CollisionFlag)
                  2000357e    00000001     (.common:ReadData)
                  2000357f    00000001     (.common:WriteData)

.sysmem    0    20003580    00000400     UNINITIALIZED
                  20003580    00000008     rtsv7M4_T_le_v4SPD16_eabi.lib : memory.obj (.sysmem)
                  20003588    000003f8     --HOLE--

.data      0    20003980    00000238     UNINITIALIZED
                  20003980    000000f0     rtsv7M4_T_le_v4SPD16_eabi.lib : defs.obj (.data:_ftable)
                  20003a70    00000078                                   : write.obj (.data:_device)
                  20003ae8    00000050                                   : write.obj (.data:_stream)
                  20003b38    0000001c     Lab5_UARTmain.obj (.data)
                  20003b54    00000018     Clock.obj (.data)
                  20003b6c    00000010     rtsv7M4_T_le_v4SPD16_eabi.lib : defs.obj (.data)
                  20003b7c    0000000c                                   : exit.obj (.data:$O1$$)
                  20003b88    0000000c                                   : memory.obj (.data:$O1$$)
                  20003b94    00000008                                   : _lock.obj (.data:$O1$$)
                  20003b9c    00000008     TA3InputCapture.obj (.data)
                  20003ba4    00000004     rtsv7M4_T_le_v4SPD16_eabi.lib : add_device.obj (.data)
                  20003ba8    00000004                                   : fopen.obj (.data)
                  20003bac    00000004                                   : open.obj (.data)
                  20003bb0    00000004                                   : stkdepth_vars.obj (.data)
                  20003bb4    00000004     system_msp432p401r.obj (.data)

.stack     0    2000fe00    00000200     UNINITIALIZED
                  2000fe00    00000200     --HOLE--

MODULE SUMMARY

       Module                        code    ro data   rw data
       ------                        ----    -------   -------
    .\
       LPF.obj                       776     0         24640  
       Lab5_UARTmain.obj             4700    0         288    
       FIFO0.obj                     528     0         1544   
       UART0.obj                     1724    0         24     
       EUSCIA0.obj                   1466    0         24     
       system_msp432p401r.obj        812     0         8      
       ADC14.obj                     608     0         0      
       PWM.obj                       552     0         0      
       Clock.obj                     480     0         48     
       Reflectance.obj               460     32        0      
       Motor.obj                     432     0         0      
       TA3InputCapture.obj           300     0         16     
       BumpInt.obj                   260     0         8      
       LaunchPad.obj                 244     0         0      
       startup_msp432p401r_ccs.obj   14      228       0      
       IRDistance.obj                180     0         0      
       TimerA1.obj                   168     0         8      
       SysTickInts.obj               64      0         0      
       CortexM.obj                   36      0         0      
    +--+-----------------------------+-------+---------+---------+
       Total:                        13804   260       26608  
                                                              
    C:\ti\ccsv7\tools\compiler\ti-cgt-arm_16.9.6.LTS\lib\rtsv7M4_T_le_v4SPD16_eabi.lib
       memory.obj                    976     0         24     
       defs.obj                      0       0         832    
       trgmsg.obj                    104     0         576    
       fopen.obj                     452     0         8      
       write.obj                     40      0         400    
       fd_add_t2.obj                 438     0         0      
       fd_div_t2.obj                 310     0         0      
       setvbuf.obj                   220     0         0      
       fflush.obj                    200     0         0      
       open.obj                      188     0         8      
       add_device.obj                184     0         8      
       memcpy_t2.obj                 156     0         0      
       fclose.obj                    152     0         0      
       memset_t2.obj                 122     0         0      
       autoinit.obj                  112     0         0      
       getdevice.obj                 112     0         0      
       hostopen.obj                  96      0         16     
       exit.obj                      84      0         24     
       copy_decompress_lzss.obj      104     0         0      
       hostlseek.obj                 104     0         0      
       hostrename.obj                104     0         0      
       close.obj                     92      0         0      
       hostread.obj                  88      0         0      
       hostwrite.obj                 88      0         0      
       boot.obj                      84      0         0      
       cpy_tbl.obj                   76      0         0      
       fd_tou_t2.obj                 68      0         0      
       hostclose.obj                 68      0         0      
       hostunlink.obj                68      0         0      
       strncpy.obj                   54      0         0      
       i_tofd_t2.obj                 46      0         0      
       unlink.obj                    44      0         0      
       _lock.obj                     20      0         16     
       args_main.obj                 24      0         0      
       strcmp.obj                    24      0         0      
       strchr.obj                    22      0         0      
       strcpy.obj                    20      0         0      
       strlen.obj                    20      0         0      
       copy_decompress_none.obj      14      0         0      
       copy_zero_init.obj            12      0         0      
       stkdepth_vars.obj             0       0         8      
       pre_init.obj                  4       0         0      
       mpu_init.obj                  2       0         0      
       startup.obj                   2       0         0      
    +--+-----------------------------+-------+---------+---------+
       Total:                        5198    0         1920   
                                                              
       Heap:                         0       0         2048   
       Stack:                        0       0         1024   
       Linker Generated:             0       163       0      
    +--+-----------------------------+-------+---------+---------+
       Grand Total:                  19002   423       31600  


LINKER GENERATED COPY TABLES

__TI_cinit_table @ 00004be0 records: 2, size/record: 8, table size: 16
	.data: load addr=00004b48, load size=0000007f bytes, run addr=20003980, run size=00000238 bytes, compression=lzss
	.bss: load addr=00004bd8, load size=00000008 bytes, run addr=20000000, run size=00003580 bytes, compression=zero_init


LINKER GENERATED HANDLER TABLE

__TI_handler_table @ 00004bc8 records: 3, size/record: 4, table size: 12
	index: 0, handler: __TI_decompress_lzss
	index: 1, handler: __TI_decompress_none
	index: 2, handler: __TI_zero_init


GLOBAL SYMBOLS: SORTED ALPHABETICALLY BY Name 

address   name                           
-------   ----                           
00002ab9  ADC0_InitSWTriggerCh12         
00002b29  ADC0_InitSWTriggerCh17_12_16   
000029bd  ADC0_InitSWTriggerCh6          
00002a2d  ADC0_InitSWTriggerCh67         
00004b13  ADC14_IRQHandler               
00002b09  ADC_In12                       
00002b99  ADC_In17_12_16                 
00002a0d  ADC_In6                        
00002a83  ADC_In67                       
20003b38  ADCflag                        
00004b13  AES256_IRQHandler              
00003b91  BumpInt_Init                   
00003c07  Bump_Read                      
00004b13  BusFault_Handler               
000047ed  C$$EXIT                        
000045f3  C$$IO$$                        
00004b13  COMP_E0_IRQHandler             
00004b13  COMP_E1_IRQHandler             
20003b5c  CPMwait                        
00004b13  CS_IRQHandler                  
20003b9c  CaptureTask0                   
20003ba0  CaptureTask2                   
000040cd  CenterConvert                  
20003b54  ClockFrequency                 
000031a9  Clock_Delay1ms                 
0000317f  Clock_Delay1us                 
0000316b  Clock_GetFreq                  
00003055  Clock_Init48MHz                
2000357c  CollisionData                  
2000357d  CollisionFlag                  
20003b68  Crystalstable                  
00004b13  DMA_ERR_IRQHandler             
00004b13  DMA_INT0_IRQHandler            
00004b13  DMA_INT1_IRQHandler            
00004b13  DMA_INT2_IRQHandler            
00004b13  DMA_INT3_IRQHandler            
00004b13  DebugMon_Handler               
00004b13  Default_Handler                
00004a51  DisableInterrupts              
000005a5  Display_Period                 
2000351c  Done0                          
20003520  Done2                          
00001a8f  EUSCIA0_IRQHandler             
00001a8f  EUSCIA0_IRQHandler             
00001a63  EUSCIA0_InChar                 
00001f2d  EUSCIA0_InString               
00001ae3  EUSCIA0_InUDec                 
00001de1  EUSCIA0_InUHex                 
000019fd  EUSCIA0_Init                   
00001a75  EUSCIA0_OutChar                
00001ac5  EUSCIA0_OutString              
00001b67  EUSCIA0_OutUDec                
00001cf9  EUSCIA0_OutUDec4               
00001d31  EUSCIA0_OutUDec5               
00001d6d  EUSCIA0_OutUFix1               
00001d95  EUSCIA0_OutUFix2               
00001ea9  EUSCIA0_OutUHex                
00001f0f  EUSCIA0_OutUHex2               
00001eed  EUSCIA0outnibble               
00004b13  EUSCIA1_IRQHandler             
00004b13  EUSCIA2_IRQHandler             
00004b13  EUSCIA3_IRQHandler             
00004b13  EUSCIB0_IRQHandler             
00004b13  EUSCIB1_IRQHandler             
00004b13  EUSCIB2_IRQHandler             
00004b13  EUSCIB3_IRQHandler             
20003524  Elapsed                        
00004a57  EnableInterrupts               
00004a67  EndCritical                    
00004b13  FLCTL_IRQHandler               
00004b13  FPU_IRQHandler                 
20003528  First                          
20003574  First0                         
20003576  First2                         
000048d1  HOSTclose                      
000044f5  HOSTlseek                      
0000462d  HOSTopen                       
000046e9  HOSTread                       
0000455d  HOSTrename                     
00004915  HOSTunlink                     
00004741  HOSTwrite                      
000005fb  HandleCollision                
00004b13  HardFault_Handler              
2000352c  I1                             
20003b64  IFlags                         
20003530  LPFSum                         
20003534  LPFSum2                        
20003538  LPFSum3                        
000027c9  LPF_Calc                       
00002871  LPF_Calc2                      
00002935  LPF_Calc3                      
00002709  LPF_Calc_old                   
0000276b  LPF_Init                       
0000281d  LPF_Init2                      
000028d3  LPF_Init3                      
000026b5  LPF_Init_old                   
00003c95  LaunchPad_Init                 
00003d05  LaunchPad_Input                
00003d1f  LaunchPad_LED                  
00003d3d  LaunchPad_Output               
000040a1  LeftConvert                    
2000353c  MaxTime                        
00004b13  MemManage_Handler              
20003504  Messageb                       
2000350c  Messagec                       
20003540  Messageindexb                  
20003544  Messageindexc                  
00000711  MotorMovt                      
000038cd  Motor_Backward                 
00003829  Motor_Forward                  
0000377d  Motor_Init                     
00003893  Motor_Left                     
00003859  Motor_Right                    
00003805  Motor_Stop                     
00004b13  NMI_Handler                    
20003548  NumErrors                      
2000354c  NumSuccess                     
00004b13  PCM_IRQHandler                 
00004b13  PORT1_IRQHandler               
00004b13  PORT2_IRQHandler               
00004b13  PORT3_IRQHandler               
00003c55  PORT4_IRQHandler               
00003c55  PORT4_IRQHandler               
00004b13  PORT5_IRQHandler               
00004b13  PORT6_IRQHandler               
00004b13  PSS_IRQHandler                 
00002d07  PWM_Duty1                      
00002d27  PWM_Duty2                      
00002dcb  PWM_Duty3                      
00002deb  PWM_Duty4                      
00002c1d  PWM_Init1                      
00002c83  PWM_Init12                     
00002d47  PWM_Init34                     
00004b13  PendSV_Handler                 
20003578  Period0                        
2000357a  Period2                        
000004d1  PeriodMeasure0                 
00000541  PeriodMeasure00                
00000509  PeriodMeasure2                 
00000553  PeriodMeasure20                
20003550  Port4Task                      
00003241  Port5_Init                     
0000326b  Port7_Init                     
0000329d  Port7_Input                    
00003287  Port7_Output                   
20003b60  Postwait                       
20003b58  Prewait                        
00000141  Program5_1                     
000001af  Program5_2                     
0000026f  Program5_3                     
00000359  Program5_4                     
20003554  Pt                             
20003558  Pt2                            
2000355c  Pt3                            
00000983  RSLK_Reset                     
00004b13  RTC_C_IRQHandler               
000000e5  Random                         
2000357e  ReadData                       
000032e7  Reflectance_Center             
000033b7  Reflectance_End                
00003235  Reflectance_Init               
00003325  Reflectance_Position           
000032a9  Reflectance_Read               
0000339b  Reflectance_Start              
00004b07  Reset_Handler                  
000040f9  RightConvert                   
200033c0  RxFifo0                        
00002fbf  RxFifo0_Get                    
00002f65  RxFifo0_Init                   
00002f71  RxFifo0_Put                    
00002ffd  RxFifo0_Size                   
UNDEFED   SHT$$INIT_ARRAY$$Base          
UNDEFED   SHT$$INIT_ARRAY$$Limit         
00004b13  SVC_Handler                    
00000455  SensorRead_ISR                 
20003560  Size                           
00004a5d  StartCritical                  
200034c4  String                         
00004b13  SysTick_Handler                
00004959  SysTick_Init                   
20003bb4  SystemCoreClock                
00002389  SystemCoreClockUpdate          
000025fd  SystemInit                     
00004b13  T32_INT1_IRQHandler            
00004b13  T32_INT2_IRQHandler            
00004b13  T32_INTC_IRQHandler            
00004b13  TA0_0_IRQHandler               
00004b13  TA0_N_IRQHandler               
000041c7  TA1_0_IRQHandler               
000041c7  TA1_0_IRQHandler               
00004b13  TA1_N_IRQHandler               
00004b13  TA2_0_IRQHandler               
00004b13  TA2_N_IRQHandler               
00003b15  TA3_0_IRQHandler               
00003b15  TA3_0_IRQHandler               
00003b2f  TA3_N_IRQHandler               
00003b2f  TA3_N_IRQHandler               
00000571  Tachometer_Init                
000000fd  TestFifo                       
000004ad  TimedPause                     
20003564  TimerA1Task                    
00004155  TimerA1_Init                   
000041b3  TimerA1_Stop                   
00003a71  TimerA3Capture_Init            
20003442  TxFifo0                        
00002ed1  TxFifo0_Get                    
00002e45  TxFifo0_Init                   
00002e77  TxFifo0_Put                    
00002f0f  TxFifo0_Size                   
20003000  TxHistogram                    
00001387  UART0_InChar                   
00001811  UART0_InString                 
000013d1  UART0_InUDec                   
000016c5  UART0_InUHex                   
00001341  UART0_Init                     
00001971  UART0_Initprintf               
00001397  UART0_OutChar                  
000013b3  UART0_OutString                
00001455  UART0_OutUDec                  
000015c1  UART0_OutUDec4                 
00001615  UART0_OutUDec5                 
00001651  UART0_OutUFix1                 
00001679  UART0_OutUFix2                 
00001789  UART0_OutUHex                  
000017f5  UART0_OutUHex2                 
00004b13  UsageFault_Handler             
4000480c  WDTCTL_SYM                     
00004b13  WDT_A_IRQHandler               
00004a6f  WaitForInterrupt               
2000357f  WriteData                      
20003200  __CIOBUF_                      
20010000  __STACK_END                    
00000200  __STACK_SIZE                   
00000400  __SYSMEM_SIZE                  
00004be0  __TI_CINIT_Base                
00004bf0  __TI_CINIT_Limit               
00004bc8  __TI_Handler_Table_Base        
00004bd4  __TI_Handler_Table_Limit       
000043ad  __TI_auto_init                 
000034c9  __TI_cleanup                   
20003b7c  __TI_cleanup_ptr               
00004299  __TI_closefile                 
0000448d  __TI_decompress_lzss           
00004af9  __TI_decompress_none           
00003e65  __TI_doflush                   
20003b80  __TI_dtors_ptr                 
20003b84  __TI_enable_exit_profile_output
20003b6c  __TI_ft_end                    
ffffffff  __TI_pprof_out_hndl            
ffffffff  __TI_prof_data_size            
ffffffff  __TI_prof_data_start           
000045f7  __TI_readmsg                   
00000000  __TI_static_base__             
20003320  __TI_tmpnams                   
000045c5  __TI_writemsg                  
00004b15  __TI_zero_init                 
0000488d  __aeabi_d2uiz                  
000035cf  __aeabi_dadd                   
0000392d  __aeabi_ddiv                   
000035c5  __aeabi_dsub                   
000049cf  __aeabi_i2d                    
00004331  __aeabi_memclr                 
00004331  __aeabi_memclr4                
00004331  __aeabi_memclr8                
000041fd  __aeabi_memcpy                 
000041fd  __aeabi_memcpy4                
000041fd  __aeabi_memcpy8                
00004333  __aeabi_memset                 
00004333  __aeabi_memset4                
00004333  __aeabi_memset8                
20003b78  __aeabi_stderr                 
20003b70  __aeabi_stdin                  
20003b74  __aeabi_stdout                 
ffffffff  __binit__                      
ffffffff  __c_args__                     
00001fb7  __mpu_init                     
2000fe00  __stack                        
00004a75  _args_main                     
00004799  _c_int00                       
20003a70  _device                        
20003980  _ftable                        
20003b94  _lock                          
00004acb  _nop                           
00004ac3  _register_lock                 
00004abd  _register_unlock               
20003ae8  _stream                        
20003580  _sys_memory                    
0000377b  _system_post_cinit             
00004b21  _system_pre_init               
20003b98  _unlock                        
000047f1  abort                          
00003fe9  add_device                     
ffffffff  binit                          
00002359  calloc                         
0000468d  close                          
00004841  copy_in                        
00003171  delay                          
000047f9  exit                           
000042ff  fclose                         
000018ab  ferror                         
00003eb1  fflush                         
0000188b  fgetc                          
0000441d  finddevice                     
0000351f  fopen                          
000020a3  free                           
000034f5  freopen                        
00004447  getdevice                      
00000000  interruptVectors               
00000a89  main                           
20003b3c  main_count                     
20003bb0  main_func_sp                   
00002039  malloc                         
0000226d  memalign                       
000041fd  memcpy                         
00004339  memset                         
00001fb9  minit                          
20003568  nc                             
2000356c  nl                             
20003570  nr                             
00003f2d  open                           
000017cd  outnibble                      
20003514  parmbuf                        
00002163  realloc                        
000049fd  remove                         
20003b40  rpm_left                       
20003b48  rpm_right                      
00000941  sensor_reading                 
00003d89  setvbuf                        
00004aa5  strchr                         
00004a8d  strcmp                         
00004ad1  strcpy                         
00004ae5  strlen                         
00004999  strncpy                        
00003a65  ta3dummy                       
00000565  toggle_GPIO                    
000018c9  uart_close                     
00001947  uart_lseek                     
000018b9  uart_open                      
000018db  uart_read                      
00001963  uart_rename                    
00001957  uart_unlink                    
00001905  uart_write                     
000049fd  unlink                         
00004a29  write                          
20000000  x                              
20001000  x2                             
20002000  x3                             


GLOBAL SYMBOLS: SORTED BY Symbol Address 

address   name                           
-------   ----                           
00000000  __TI_static_base__             
00000000  interruptVectors               
000000e5  Random                         
000000fd  TestFifo                       
00000141  Program5_1                     
000001af  Program5_2                     
00000200  __STACK_SIZE                   
0000026f  Program5_3                     
00000359  Program5_4                     
00000400  __SYSMEM_SIZE                  
00000455  SensorRead_ISR                 
000004ad  TimedPause                     
000004d1  PeriodMeasure0                 
00000509  PeriodMeasure2                 
00000541  PeriodMeasure00                
00000553  PeriodMeasure20                
00000565  toggle_GPIO                    
00000571  Tachometer_Init                
000005a5  Display_Period                 
000005fb  HandleCollision                
00000711  MotorMovt                      
00000941  sensor_reading                 
00000983  RSLK_Reset                     
00000a89  main                           
00001341  UART0_Init                     
00001387  UART0_InChar                   
00001397  UART0_OutChar                  
000013b3  UART0_OutString                
000013d1  UART0_InUDec                   
00001455  UART0_OutUDec                  
000015c1  UART0_OutUDec4                 
00001615  UART0_OutUDec5                 
00001651  UART0_OutUFix1                 
00001679  UART0_OutUFix2                 
000016c5  UART0_InUHex                   
00001789  UART0_OutUHex                  
000017cd  outnibble                      
000017f5  UART0_OutUHex2                 
00001811  UART0_InString                 
0000188b  fgetc                          
000018ab  ferror                         
000018b9  uart_open                      
000018c9  uart_close                     
000018db  uart_read                      
00001905  uart_write                     
00001947  uart_lseek                     
00001957  uart_unlink                    
00001963  uart_rename                    
00001971  UART0_Initprintf               
000019fd  EUSCIA0_Init                   
00001a63  EUSCIA0_InChar                 
00001a75  EUSCIA0_OutChar                
00001a8f  EUSCIA0_IRQHandler             
00001a8f  EUSCIA0_IRQHandler             
00001ac5  EUSCIA0_OutString              
00001ae3  EUSCIA0_InUDec                 
00001b67  EUSCIA0_OutUDec                
00001cf9  EUSCIA0_OutUDec4               
00001d31  EUSCIA0_OutUDec5               
00001d6d  EUSCIA0_OutUFix1               
00001d95  EUSCIA0_OutUFix2               
00001de1  EUSCIA0_InUHex                 
00001ea9  EUSCIA0_OutUHex                
00001eed  EUSCIA0outnibble               
00001f0f  EUSCIA0_OutUHex2               
00001f2d  EUSCIA0_InString               
00001fb7  __mpu_init                     
00001fb9  minit                          
00002039  malloc                         
000020a3  free                           
00002163  realloc                        
0000226d  memalign                       
00002359  calloc                         
00002389  SystemCoreClockUpdate          
000025fd  SystemInit                     
000026b5  LPF_Init_old                   
00002709  LPF_Calc_old                   
0000276b  LPF_Init                       
000027c9  LPF_Calc                       
0000281d  LPF_Init2                      
00002871  LPF_Calc2                      
000028d3  LPF_Init3                      
00002935  LPF_Calc3                      
000029bd  ADC0_InitSWTriggerCh6          
00002a0d  ADC_In6                        
00002a2d  ADC0_InitSWTriggerCh67         
00002a83  ADC_In67                       
00002ab9  ADC0_InitSWTriggerCh12         
00002b09  ADC_In12                       
00002b29  ADC0_InitSWTriggerCh17_12_16   
00002b99  ADC_In17_12_16                 
00002c1d  PWM_Init1                      
00002c83  PWM_Init12                     
00002d07  PWM_Duty1                      
00002d27  PWM_Duty2                      
00002d47  PWM_Init34                     
00002dcb  PWM_Duty3                      
00002deb  PWM_Duty4                      
00002e45  TxFifo0_Init                   
00002e77  TxFifo0_Put                    
00002ed1  TxFifo0_Get                    
00002f0f  TxFifo0_Size                   
00002f65  RxFifo0_Init                   
00002f71  RxFifo0_Put                    
00002fbf  RxFifo0_Get                    
00002ffd  RxFifo0_Size                   
00003055  Clock_Init48MHz                
0000316b  Clock_GetFreq                  
00003171  delay                          
0000317f  Clock_Delay1us                 
000031a9  Clock_Delay1ms                 
00003235  Reflectance_Init               
00003241  Port5_Init                     
0000326b  Port7_Init                     
00003287  Port7_Output                   
0000329d  Port7_Input                    
000032a9  Reflectance_Read               
000032e7  Reflectance_Center             
00003325  Reflectance_Position           
0000339b  Reflectance_Start              
000033b7  Reflectance_End                
000034c9  __TI_cleanup                   
000034f5  freopen                        
0000351f  fopen                          
000035c5  __aeabi_dsub                   
000035cf  __aeabi_dadd                   
0000377b  _system_post_cinit             
0000377d  Motor_Init                     
00003805  Motor_Stop                     
00003829  Motor_Forward                  
00003859  Motor_Right                    
00003893  Motor_Left                     
000038cd  Motor_Backward                 
0000392d  __aeabi_ddiv                   
00003a65  ta3dummy                       
00003a71  TimerA3Capture_Init            
00003b15  TA3_0_IRQHandler               
00003b15  TA3_0_IRQHandler               
00003b2f  TA3_N_IRQHandler               
00003b2f  TA3_N_IRQHandler               
00003b91  BumpInt_Init                   
00003c07  Bump_Read                      
00003c55  PORT4_IRQHandler               
00003c55  PORT4_IRQHandler               
00003c95  LaunchPad_Init                 
00003d05  LaunchPad_Input                
00003d1f  LaunchPad_LED                  
00003d3d  LaunchPad_Output               
00003d89  setvbuf                        
00003e65  __TI_doflush                   
00003eb1  fflush                         
00003f2d  open                           
00003fe9  add_device                     
000040a1  LeftConvert                    
000040cd  CenterConvert                  
000040f9  RightConvert                   
00004155  TimerA1_Init                   
000041b3  TimerA1_Stop                   
000041c7  TA1_0_IRQHandler               
000041c7  TA1_0_IRQHandler               
000041fd  __aeabi_memcpy                 
000041fd  __aeabi_memcpy4                
000041fd  __aeabi_memcpy8                
000041fd  memcpy                         
00004299  __TI_closefile                 
000042ff  fclose                         
00004331  __aeabi_memclr                 
00004331  __aeabi_memclr4                
00004331  __aeabi_memclr8                
00004333  __aeabi_memset                 
00004333  __aeabi_memset4                
00004333  __aeabi_memset8                
00004339  memset                         
000043ad  __TI_auto_init                 
0000441d  finddevice                     
00004447  getdevice                      
0000448d  __TI_decompress_lzss           
000044f5  HOSTlseek                      
0000455d  HOSTrename                     
000045c5  __TI_writemsg                  
000045f3  C$$IO$$                        
000045f7  __TI_readmsg                   
0000462d  HOSTopen                       
0000468d  close                          
000046e9  HOSTread                       
00004741  HOSTwrite                      
00004799  _c_int00                       
000047ed  C$$EXIT                        
000047f1  abort                          
000047f9  exit                           
00004841  copy_in                        
0000488d  __aeabi_d2uiz                  
000048d1  HOSTclose                      
00004915  HOSTunlink                     
00004959  SysTick_Init                   
00004999  strncpy                        
000049cf  __aeabi_i2d                    
000049fd  remove                         
000049fd  unlink                         
00004a29  write                          
00004a51  DisableInterrupts              
00004a57  EnableInterrupts               
00004a5d  StartCritical                  
00004a67  EndCritical                    
00004a6f  WaitForInterrupt               
00004a75  _args_main                     
00004a8d  strcmp                         
00004aa5  strchr                         
00004abd  _register_unlock               
00004ac3  _register_lock                 
00004acb  _nop                           
00004ad1  strcpy                         
00004ae5  strlen                         
00004af9  __TI_decompress_none           
00004b07  Reset_Handler                  
00004b13  ADC14_IRQHandler               
00004b13  AES256_IRQHandler              
00004b13  BusFault_Handler               
00004b13  COMP_E0_IRQHandler             
00004b13  COMP_E1_IRQHandler             
00004b13  CS_IRQHandler                  
00004b13  DMA_ERR_IRQHandler             
00004b13  DMA_INT0_IRQHandler            
00004b13  DMA_INT1_IRQHandler            
00004b13  DMA_INT2_IRQHandler            
00004b13  DMA_INT3_IRQHandler            
00004b13  DebugMon_Handler               
00004b13  Default_Handler                
00004b13  EUSCIA1_IRQHandler             
00004b13  EUSCIA2_IRQHandler             
00004b13  EUSCIA3_IRQHandler             
00004b13  EUSCIB0_IRQHandler             
00004b13  EUSCIB1_IRQHandler             
00004b13  EUSCIB2_IRQHandler             
00004b13  EUSCIB3_IRQHandler             
00004b13  FLCTL_IRQHandler               
00004b13  FPU_IRQHandler                 
00004b13  HardFault_Handler              
00004b13  MemManage_Handler              
00004b13  NMI_Handler                    
00004b13  PCM_IRQHandler                 
00004b13  PORT1_IRQHandler               
00004b13  PORT2_IRQHandler               
00004b13  PORT3_IRQHandler               
00004b13  PORT5_IRQHandler               
00004b13  PORT6_IRQHandler               
00004b13  PSS_IRQHandler                 
00004b13  PendSV_Handler                 
00004b13  RTC_C_IRQHandler               
00004b13  SVC_Handler                    
00004b13  SysTick_Handler                
00004b13  T32_INT1_IRQHandler            
00004b13  T32_INT2_IRQHandler            
00004b13  T32_INTC_IRQHandler            
00004b13  TA0_0_IRQHandler               
00004b13  TA0_N_IRQHandler               
00004b13  TA1_N_IRQHandler               
00004b13  TA2_0_IRQHandler               
00004b13  TA2_N_IRQHandler               
00004b13  UsageFault_Handler             
00004b13  WDT_A_IRQHandler               
00004b15  __TI_zero_init                 
00004b21  _system_pre_init               
00004bc8  __TI_Handler_Table_Base        
00004bd4  __TI_Handler_Table_Limit       
00004be0  __TI_CINIT_Base                
00004bf0  __TI_CINIT_Limit               
20000000  x                              
20001000  x2                             
20002000  x3                             
20003000  TxHistogram                    
20003200  __CIOBUF_                      
20003320  __TI_tmpnams                   
200033c0  RxFifo0                        
20003442  TxFifo0                        
200034c4  String                         
20003504  Messageb                       
2000350c  Messagec                       
20003514  parmbuf                        
2000351c  Done0                          
20003520  Done2                          
20003524  Elapsed                        
20003528  First                          
2000352c  I1                             
20003530  LPFSum                         
20003534  LPFSum2                        
20003538  LPFSum3                        
2000353c  MaxTime                        
20003540  Messageindexb                  
20003544  Messageindexc                  
20003548  NumErrors                      
2000354c  NumSuccess                     
20003550  Port4Task                      
20003554  Pt                             
20003558  Pt2                            
2000355c  Pt3                            
20003560  Size                           
20003564  TimerA1Task                    
20003568  nc                             
2000356c  nl                             
20003570  nr                             
20003574  First0                         
20003576  First2                         
20003578  Period0                        
2000357a  Period2                        
2000357c  CollisionData                  
2000357d  CollisionFlag                  
2000357e  ReadData                       
2000357f  WriteData                      
20003580  _sys_memory                    
20003980  _ftable                        
20003a70  _device                        
20003ae8  _stream                        
20003b38  ADCflag                        
20003b3c  main_count                     
20003b40  rpm_left                       
20003b48  rpm_right                      
20003b54  ClockFrequency                 
20003b58  Prewait                        
20003b5c  CPMwait                        
20003b60  Postwait                       
20003b64  IFlags                         
20003b68  Crystalstable                  
20003b6c  __TI_ft_end                    
20003b70  __aeabi_stdin                  
20003b74  __aeabi_stdout                 
20003b78  __aeabi_stderr                 
20003b7c  __TI_cleanup_ptr               
20003b80  __TI_dtors_ptr                 
20003b84  __TI_enable_exit_profile_output
20003b94  _lock                          
20003b98  _unlock                        
20003b9c  CaptureTask0                   
20003ba0  CaptureTask2                   
20003bb0  main_func_sp                   
20003bb4  SystemCoreClock                
2000fe00  __stack                        
20010000  __STACK_END                    
4000480c  WDTCTL_SYM                     
ffffffff  __TI_pprof_out_hndl            
ffffffff  __TI_prof_data_size            
ffffffff  __TI_prof_data_start           
ffffffff  __binit__                      
ffffffff  __c_args__                     
ffffffff  binit                          
UNDEFED   SHT$$INIT_ARRAY$$Base          
UNDEFED   SHT$$INIT_ARRAY$$Limit         

[347 symbols]
