******************************************************************************
                  TI ARM Linker PC v16.9.6                     
******************************************************************************
>> Linked Tue Oct 13 14:33:16 2020

OUTPUT FILE NAME:   <Lab3_TimerCompare_Motor.out>
ENTRY POINT SYMBOL: "_c_int00"  address: 000016f1


MEMORY CONFIGURATION

         name            origin    length      used     unused   attr    fill
----------------------  --------  ---------  --------  --------  ----  --------
  MAIN                  00000000   00040000  000018c2  0003e73e  R  X
  INFO                  00200000   00004000  00000000  00004000  R  X
  SRAM_CODE             01000000   00010000  0000024b  0000fdb5  RW X
  SRAM_DATA             20000000   00010000  0000024b  0000fdb5  RW  


SEGMENT ALLOCATION MAP

run origin  load origin   length   init length attrs members
----------  ----------- ---------- ----------- ----- -------
00000000    00000000    000018c8   000018c8    r-x
  00000000    00000000    000000e4   000000e4    r-- .intvecs
  000000e4    000000e4    0000177e   0000177e    r-x .text
  00001864    00001864    00000020   00000020    r-- .const
  00001888    00001888    00000040   00000040    r-- .cinit
20000000    20000000    0000004e   00000000    rw-
  20000000    20000000    00000041   00000000    rw- .data
  20000044    20000044    0000000a   00000000    rw- .bss
2000fe00    2000fe00    00000200   00000000    rw-
  2000fe00    2000fe00    00000200   00000000    rw- .stack


SECTION ALLOCATION MAP

 output                                  attributes/
section   page    origin      length       input sections
--------  ----  ----------  ----------   ----------------
.intvecs   0    00000000    000000e4     
                  00000000    000000e4     startup_msp432p401r_ccs.obj (.intvecs:retain)

.binit     0    00000000    00000000     

.text      0    000000e4    0000177e     
                  000000e4    00000630     TExaS.obj (.text)
                  00000714    0000032c     system_msp432p401r.obj (.text)
                  00000a40    00000228     PWM.obj (.text)
                  00000c68    000001e0     Clock.obj (.text)
                  00000e48    000001cc     Reflectance.obj (.text)
                  00001014    000001b0     Motor.obj (.text)
                  000011c4    00000104     Lab3_Timersmain.obj (.text)
                  000012c8    000000f4     LaunchPad.obj (.text)
                  000013bc    000000a8     TimerA1.obj (.text)
                  00001464    0000009c     Bump.obj (.text)
                  00001500    0000009c     rtsv7M4_T_le_v4SPD16_eabi.lib : memcpy_t2.obj (.text)
                  0000159c    0000007a                                   : memset_t2.obj (.text)
                  00001616    00000002                                   : mpu_init.obj (.text)
                  00001618    00000070                                   : autoinit.obj (.text)
                  00001688    00000068                                   : copy_decompress_lzss.obj (.text:decompress:lzss)
                  000016f0    00000054                                   : boot.obj (.text)
                  00001744    00000054                                   : exit.obj (.text)
                  00001798    0000004c                                   : cpy_tbl.obj (.text)
                  000017e4    00000024     CortexM.obj (.text)
                  00001808    00000018     rtsv7M4_T_le_v4SPD16_eabi.lib : args_main.obj (.text)
                  00001820    00000014                                   : _lock.obj (.text)
                  00001834    0000000e                                   : copy_decompress_none.obj (.text:decompress:none)
                  00001842    0000000e     startup_msp432p401r_ccs.obj (.text)
                  00001850    0000000c     rtsv7M4_T_le_v4SPD16_eabi.lib : copy_zero_init.obj (.text:decompress:ZI)
                  0000185c    00000004                                   : pre_init.obj (.text)
                  00001860    00000002                                   : startup.obj (.text)

.const     0    00001864    00000020     
                  00001864    00000020     Reflectance.obj (.const:$P$T0$1)

.cinit     0    00001888    00000040     
                  00001888    00000017     (.cinit..data.load) [load image, compression = lzss]
                  0000189f    00000001     --HOLE-- [fill = 0]
                  000018a0    0000000c     (__TI_handler_table)
                  000018ac    00000004     --HOLE-- [fill = 0]
                  000018b0    00000008     (.cinit..bss.load) [load image, compression = zero_init]
                  000018b8    00000010     (__TI_cinit_table)

.init_array 
*          0    00000000    00000000     UNINITIALIZED

.data      0    20000000    00000041     UNINITIALIZED
                  20000000    00000018     Clock.obj (.data)
                  20000018    0000000c     rtsv7M4_T_le_v4SPD16_eabi.lib : exit.obj (.data:$O1$$)
                  20000024    0000000c     TExaS.obj (.data)
                  20000030    00000008     rtsv7M4_T_le_v4SPD16_eabi.lib : _lock.obj (.data:$O1$$)
                  20000038    00000004                                   : stkdepth_vars.obj (.data)
                  2000003c    00000004     system_msp432p401r.obj (.data)
                  20000040    00000001     Lab3_Timersmain.obj (.data)

.bss       0    20000044    0000000a     UNINITIALIZED
                  20000044    00000004     (.common:PeriodicTask2)
                  20000048    00000004     (.common:TimerA1Task)
                  2000004c    00000001     (.common:LogicData)
                  2000004d    00000001     (.common:reflectance_data)

.stack     0    2000fe00    00000200     UNINITIALIZED
                  2000fe00    00000200     --HOLE--

MODULE SUMMARY

       Module                        code   ro data   rw data
       ------                        ----   -------   -------
    .\
       TExaS.obj                     1584   0         34     
       system_msp432p401r.obj        812    0         8      
       PWM.obj                       552    0         0      
       Clock.obj                     480    0         48     
       Reflectance.obj               460    32        0      
       Motor.obj                     432    0         0      
       Lab3_Timersmain.obj           260    0         4      
       LaunchPad.obj                 244    0         0      
       startup_msp432p401r_ccs.obj   14     228       0      
       TimerA1.obj                   168    0         8      
       Bump.obj                      156    0         0      
       CortexM.obj                   36     0         0      
    +--+-----------------------------+------+---------+---------+
       Total:                        5198   260       102    
                                                             
    C:\ti\ccsv7\tools\compiler\ti-cgt-arm_16.9.6.LTS\lib\rtsv7M4_T_le_v4SPD16_eabi.lib
       memcpy_t2.obj                 156    0         0      
       memset_t2.obj                 122    0         0      
       autoinit.obj                  112    0         0      
       exit.obj                      84     0         24     
       copy_decompress_lzss.obj      104    0         0      
       boot.obj                      84     0         0      
       cpy_tbl.obj                   76     0         0      
       _lock.obj                     20     0         16     
       args_main.obj                 24     0         0      
       copy_decompress_none.obj      14     0         0      
       copy_zero_init.obj            12     0         0      
       stkdepth_vars.obj             0      0         8      
       pre_init.obj                  4      0         0      
       mpu_init.obj                  2      0         0      
       startup.obj                   2      0         0      
    +--+-----------------------------+------+---------+---------+
       Total:                        816    0         48     
                                                             
       Stack:                        0      0         1024   
       Linker Generated:             0      59        0      
    +--+-----------------------------+------+---------+---------+
       Grand Total:                  6014   319       1174   


LINKER GENERATED COPY TABLES

__TI_cinit_table @ 000018b8 records: 2, size/record: 8, table size: 16
	.data: load addr=00001888, load size=00000017 bytes, run addr=20000000, run size=00000041 bytes, compression=lzss
	.bss: load addr=000018b0, load size=00000008 bytes, run addr=20000044, run size=0000000a bytes, compression=zero_init


LINKER GENERATED HANDLER TABLE

__TI_handler_table @ 000018a0 records: 3, size/record: 4, table size: 12
	index: 0, handler: __TI_decompress_lzss
	index: 1, handler: __TI_decompress_none
	index: 2, handler: __TI_zero_init


GLOBAL SYMBOLS: SORTED ALPHABETICALLY BY Name 

address   name                           
-------   ----                           
0000184f  ADC14_IRQHandler               
00000475  ADC_Init                       
0000184f  AES256_IRQHandler              
00001465  Bump_Init                      
00001499  Bump_Read                      
0000184f  BusFault_Handler               
00001745  C$$EXIT                        
0000184f  COMP_E0_IRQHandler             
0000184f  COMP_E1_IRQHandler             
20000008  CPMwait                        
0000184f  CS_IRQHandler                  
20000000  ClockFrequency                 
00000dbd  Clock_Delay1ms                 
00000d93  Clock_Delay1us                 
00000d7f  Clock_GetFreq                  
00000c69  Clock_Init48MHz                
20000014  Crystalstable                  
0000184f  DMA_ERR_IRQHandler             
0000184f  DMA_INT0_IRQHandler            
0000184f  DMA_INT1_IRQHandler            
0000184f  DMA_INT2_IRQHandler            
0000184f  DMA_INT3_IRQHandler            
0000184f  DebugMon_Handler               
0000184f  Default_Handler                
000017e5  DisableInterrupts              
0000184f  EUSCIA0_IRQHandler             
0000184f  EUSCIA1_IRQHandler             
0000184f  EUSCIA2_IRQHandler             
0000184f  EUSCIA3_IRQHandler             
0000184f  EUSCIB0_IRQHandler             
0000184f  EUSCIB1_IRQHandler             
0000184f  EUSCIB2_IRQHandler             
0000184f  EUSCIB3_IRQHandler             
000017eb  EnableInterrupts               
000017fb  EndCritical                    
0000184f  FLCTL_IRQHandler               
0000184f  FPU_IRQHandler                 
0000184f  HardFault_Handler              
20000010  IFlags                         
000012c9  LaunchPad_Init                 
00001339  LaunchPad_Input                
00001353  LaunchPad_LED                  
00001371  LaunchPad_Output               
000000e5  LogicAnalyzer                  
000000ef  LogicAnalyzer_P1               
000001c5  LogicAnalyzer_P10              
000000fd  LogicAnalyzer_P2               
0000010b  LogicAnalyzer_P2_7654          
0000011b  LogicAnalyzer_P3               
00000129  LogicAnalyzer_P4               
00000147  LogicAnalyzer_P4_765320        
00000137  LogicAnalyzer_P4_765432        
0000017f  LogicAnalyzer_P5               
0000018d  LogicAnalyzer_P6               
0000019b  LogicAnalyzer_P7               
000001a9  LogicAnalyzer_P8               
000001b7  LogicAnalyzer_P9               
2000004c  LogicData                      
0000184f  MemManage_Handler              
00001165  Motor_Backward                 
000010c1  Motor_Forward                  
00001015  Motor_Init                     
0000112b  Motor_Left                     
000010f1  Motor_Right                    
0000109d  Motor_Stop                     
0000184f  NMI_Handler                    
0000184f  PCM_IRQHandler                 
0000184f  PORT1_IRQHandler               
0000184f  PORT2_IRQHandler               
0000184f  PORT3_IRQHandler               
0000184f  PORT4_IRQHandler               
0000184f  PORT5_IRQHandler               
0000184f  PORT6_IRQHandler               
0000184f  PSS_IRQHandler                 
00000b2b  PWM_Duty1                      
00000b4b  PWM_Duty2                      
00000bef  PWM_Duty3                      
00000c0f  PWM_Duty4                      
00000a41  PWM_Init1                      
00000aa7  PWM_Init12                     
00000b6b  PWM_Init34                     
0000184f  PendSV_Handler                 
20000044  PeriodicTask2                  
00000257  PeriodicTask2_Init             
000002d1  PeriodicTask2_Stop             
00000e55  Port5_Init                     
00000e7f  Port7_Init                     
00000eb1  Port7_Input                    
00000e9b  Port7_Output                   
2000000c  Postwait                       
20000004  Prewait                        
0000184f  RTC_C_IRQHandler               
00000efb  Reflectance_Center             
00000fcb  Reflectance_End                
00000e49  Reflectance_Init               
00000f39  Reflectance_Position           
00000ebd  Reflectance_Read               
00000faf  Reflectance_Start              
00001843  Reset_Handler                  
UNDEFED   SHT$$INIT_ARRAY$$Base          
UNDEFED   SHT$$INIT_ARRAY$$Limit         
0000184f  SVC_Handler                    
000001d3  Scope                          
000017f1  StartCritical                  
0000184f  SysTick_Handler                
2000003c  SystemCoreClock                
00000715  SystemCoreClockUpdate          
00000989  SystemInit                     
000002c1  T32_INT1_IRQHandler            
000002c1  T32_INT1_IRQHandler            
0000184f  T32_INT2_IRQHandler            
0000184f  T32_INTC_IRQHandler            
0000184f  TA0_0_IRQHandler               
0000184f  TA0_N_IRQHandler               
0000142f  TA1_0_IRQHandler               
0000142f  TA1_0_IRQHandler               
0000184f  TA1_N_IRQHandler               
0000184f  TA2_0_IRQHandler               
0000184f  TA2_N_IRQHandler               
0000184f  TA3_0_IRQHandler               
0000184f  TA3_N_IRQHandler               
00000413  TExaS_Clear0                   
0000041f  TExaS_Clear1                   
0000042b  TExaS_Clear2                   
00000437  TExaS_Clear3                   
00000443  TExaS_Clear4                   
00000445  TExaS_Clear5                   
00000451  TExaS_Clear6                   
00000551  TExaS_Init                     
20000028  TExaS_ScopeErrConflict         
20000024  TExaS_ScopeErrLostData         
2000002c  TExaS_ScopeWrnReconfig         
000003b1  TExaS_Set                      
000003c9  TExaS_Set0                     
000003d5  TExaS_Set1                     
000003e1  TExaS_Set2                     
000003ed  TExaS_Set3                     
000003f9  TExaS_Set4                     
000003fb  TExaS_Set5                     
00000407  TExaS_Set6                     
000006b1  TExaS_Stop                     
00000367  TExaS_Task0                    
00000373  TExaS_Task1                    
0000037f  TExaS_Task2                    
0000038b  TExaS_Task3                    
00000397  TExaS_Task4                    
00000399  TExaS_Task5                    
000003a5  TExaS_Task6                    
000011e5  Task                           
000011c5  TimedPause                     
20000048  TimerA1Task                    
000013bd  TimerA1_Init                   
0000141b  TimerA1_Stop                   
0000033b  UART_InChar                    
000002e1  UART_Init                      
0000034b  UART_OutChar                   
0000184f  UsageFault_Handler             
4000480c  WDTCTL_SYM                     
0000184f  WDT_A_IRQHandler               
00001803  WaitForInterrupt               
20010000  __STACK_END                    
00000200  __STACK_SIZE                   
000018b8  __TI_CINIT_Base                
000018c8  __TI_CINIT_Limit               
000018a0  __TI_Handler_Table_Base        
000018ac  __TI_Handler_Table_Limit       
00001619  __TI_auto_init                 
20000018  __TI_cleanup_ptr               
00001689  __TI_decompress_lzss           
00001835  __TI_decompress_none           
2000001c  __TI_dtors_ptr                 
20000020  __TI_enable_exit_profile_output
ffffffff  __TI_pprof_out_hndl            
ffffffff  __TI_prof_data_size            
ffffffff  __TI_prof_data_start           
00000000  __TI_static_base__             
00001851  __TI_zero_init                 
0000159d  __aeabi_memclr                 
0000159d  __aeabi_memclr4                
0000159d  __aeabi_memclr8                
00001501  __aeabi_memcpy                 
00001501  __aeabi_memcpy4                
00001501  __aeabi_memcpy8                
0000159f  __aeabi_memset                 
0000159f  __aeabi_memset4                
0000159f  __aeabi_memset8                
ffffffff  __binit__                      
ffffffff  __c_args__                     
00001617  __mpu_init                     
2000fe00  __stack                        
00001809  _args_main                     
000016f1  _c_int00                       
20000030  _lock                          
0000182f  _nop                           
00001827  _register_lock                 
00001821  _register_unlock               
00001861  _system_post_cinit             
0000185d  _system_pre_init               
20000034  _unlock                        
00001749  abort                          
ffffffff  binit                          
00001799  copy_in                        
00000d85  delay                          
00001751  exit                           
00000000  interruptVectors               
00001239  main                           
20000038  main_func_sp                   
00001501  memcpy                         
000015a5  memset                         
2000004d  reflectance_data               


GLOBAL SYMBOLS: SORTED BY Symbol Address 

address   name                           
-------   ----                           
00000000  __TI_static_base__             
00000000  interruptVectors               
000000e5  LogicAnalyzer                  
000000ef  LogicAnalyzer_P1               
000000fd  LogicAnalyzer_P2               
0000010b  LogicAnalyzer_P2_7654          
0000011b  LogicAnalyzer_P3               
00000129  LogicAnalyzer_P4               
00000137  LogicAnalyzer_P4_765432        
00000147  LogicAnalyzer_P4_765320        
0000017f  LogicAnalyzer_P5               
0000018d  LogicAnalyzer_P6               
0000019b  LogicAnalyzer_P7               
000001a9  LogicAnalyzer_P8               
000001b7  LogicAnalyzer_P9               
000001c5  LogicAnalyzer_P10              
000001d3  Scope                          
00000200  __STACK_SIZE                   
00000257  PeriodicTask2_Init             
000002c1  T32_INT1_IRQHandler            
000002c1  T32_INT1_IRQHandler            
000002d1  PeriodicTask2_Stop             
000002e1  UART_Init                      
0000033b  UART_InChar                    
0000034b  UART_OutChar                   
00000367  TExaS_Task0                    
00000373  TExaS_Task1                    
0000037f  TExaS_Task2                    
0000038b  TExaS_Task3                    
00000397  TExaS_Task4                    
00000399  TExaS_Task5                    
000003a5  TExaS_Task6                    
000003b1  TExaS_Set                      
000003c9  TExaS_Set0                     
000003d5  TExaS_Set1                     
000003e1  TExaS_Set2                     
000003ed  TExaS_Set3                     
000003f9  TExaS_Set4                     
000003fb  TExaS_Set5                     
00000407  TExaS_Set6                     
00000413  TExaS_Clear0                   
0000041f  TExaS_Clear1                   
0000042b  TExaS_Clear2                   
00000437  TExaS_Clear3                   
00000443  TExaS_Clear4                   
00000445  TExaS_Clear5                   
00000451  TExaS_Clear6                   
00000475  ADC_Init                       
00000551  TExaS_Init                     
000006b1  TExaS_Stop                     
00000715  SystemCoreClockUpdate          
00000989  SystemInit                     
00000a41  PWM_Init1                      
00000aa7  PWM_Init12                     
00000b2b  PWM_Duty1                      
00000b4b  PWM_Duty2                      
00000b6b  PWM_Init34                     
00000bef  PWM_Duty3                      
00000c0f  PWM_Duty4                      
00000c69  Clock_Init48MHz                
00000d7f  Clock_GetFreq                  
00000d85  delay                          
00000d93  Clock_Delay1us                 
00000dbd  Clock_Delay1ms                 
00000e49  Reflectance_Init               
00000e55  Port5_Init                     
00000e7f  Port7_Init                     
00000e9b  Port7_Output                   
00000eb1  Port7_Input                    
00000ebd  Reflectance_Read               
00000efb  Reflectance_Center             
00000f39  Reflectance_Position           
00000faf  Reflectance_Start              
00000fcb  Reflectance_End                
00001015  Motor_Init                     
0000109d  Motor_Stop                     
000010c1  Motor_Forward                  
000010f1  Motor_Right                    
0000112b  Motor_Left                     
00001165  Motor_Backward                 
000011c5  TimedPause                     
000011e5  Task                           
00001239  main                           
000012c9  LaunchPad_Init                 
00001339  LaunchPad_Input                
00001353  LaunchPad_LED                  
00001371  LaunchPad_Output               
000013bd  TimerA1_Init                   
0000141b  TimerA1_Stop                   
0000142f  TA1_0_IRQHandler               
0000142f  TA1_0_IRQHandler               
00001465  Bump_Init                      
00001499  Bump_Read                      
00001501  __aeabi_memcpy                 
00001501  __aeabi_memcpy4                
00001501  __aeabi_memcpy8                
00001501  memcpy                         
0000159d  __aeabi_memclr                 
0000159d  __aeabi_memclr4                
0000159d  __aeabi_memclr8                
0000159f  __aeabi_memset                 
0000159f  __aeabi_memset4                
0000159f  __aeabi_memset8                
000015a5  memset                         
00001617  __mpu_init                     
00001619  __TI_auto_init                 
00001689  __TI_decompress_lzss           
000016f1  _c_int00                       
00001745  C$$EXIT                        
00001749  abort                          
00001751  exit                           
00001799  copy_in                        
000017e5  DisableInterrupts              
000017eb  EnableInterrupts               
000017f1  StartCritical                  
000017fb  EndCritical                    
00001803  WaitForInterrupt               
00001809  _args_main                     
00001821  _register_unlock               
00001827  _register_lock                 
0000182f  _nop                           
00001835  __TI_decompress_none           
00001843  Reset_Handler                  
0000184f  ADC14_IRQHandler               
0000184f  AES256_IRQHandler              
0000184f  BusFault_Handler               
0000184f  COMP_E0_IRQHandler             
0000184f  COMP_E1_IRQHandler             
0000184f  CS_IRQHandler                  
0000184f  DMA_ERR_IRQHandler             
0000184f  DMA_INT0_IRQHandler            
0000184f  DMA_INT1_IRQHandler            
0000184f  DMA_INT2_IRQHandler            
0000184f  DMA_INT3_IRQHandler            
0000184f  DebugMon_Handler               
0000184f  Default_Handler                
0000184f  EUSCIA0_IRQHandler             
0000184f  EUSCIA1_IRQHandler             
0000184f  EUSCIA2_IRQHandler             
0000184f  EUSCIA3_IRQHandler             
0000184f  EUSCIB0_IRQHandler             
0000184f  EUSCIB1_IRQHandler             
0000184f  EUSCIB2_IRQHandler             
0000184f  EUSCIB3_IRQHandler             
0000184f  FLCTL_IRQHandler               
0000184f  FPU_IRQHandler                 
0000184f  HardFault_Handler              
0000184f  MemManage_Handler              
0000184f  NMI_Handler                    
0000184f  PCM_IRQHandler                 
0000184f  PORT1_IRQHandler               
0000184f  PORT2_IRQHandler               
0000184f  PORT3_IRQHandler               
0000184f  PORT4_IRQHandler               
0000184f  PORT5_IRQHandler               
0000184f  PORT6_IRQHandler               
0000184f  PSS_IRQHandler                 
0000184f  PendSV_Handler                 
0000184f  RTC_C_IRQHandler               
0000184f  SVC_Handler                    
0000184f  SysTick_Handler                
0000184f  T32_INT2_IRQHandler            
0000184f  T32_INTC_IRQHandler            
0000184f  TA0_0_IRQHandler               
0000184f  TA0_N_IRQHandler               
0000184f  TA1_N_IRQHandler               
0000184f  TA2_0_IRQHandler               
0000184f  TA2_N_IRQHandler               
0000184f  TA3_0_IRQHandler               
0000184f  TA3_N_IRQHandler               
0000184f  UsageFault_Handler             
0000184f  WDT_A_IRQHandler               
00001851  __TI_zero_init                 
0000185d  _system_pre_init               
00001861  _system_post_cinit             
000018a0  __TI_Handler_Table_Base        
000018ac  __TI_Handler_Table_Limit       
000018b8  __TI_CINIT_Base                
000018c8  __TI_CINIT_Limit               
20000000  ClockFrequency                 
20000004  Prewait                        
20000008  CPMwait                        
2000000c  Postwait                       
20000010  IFlags                         
20000014  Crystalstable                  
20000018  __TI_cleanup_ptr               
2000001c  __TI_dtors_ptr                 
20000020  __TI_enable_exit_profile_output
20000024  TExaS_ScopeErrLostData         
20000028  TExaS_ScopeErrConflict         
2000002c  TExaS_ScopeWrnReconfig         
20000030  _lock                          
20000034  _unlock                        
20000038  main_func_sp                   
2000003c  SystemCoreClock                
20000044  PeriodicTask2                  
20000048  TimerA1Task                    
2000004c  LogicData                      
2000004d  reflectance_data               
2000fe00  __stack                        
20010000  __STACK_END                    
4000480c  WDTCTL_SYM                     
ffffffff  __TI_pprof_out_hndl            
ffffffff  __TI_prof_data_size            
ffffffff  __TI_prof_data_start           
ffffffff  __binit__                      
ffffffff  __c_args__                     
ffffffff  binit                          
UNDEFED   SHT$$INIT_ARRAY$$Base          
UNDEFED   SHT$$INIT_ARRAY$$Limit         

[210 symbols]
